Используются параметры запуска из src\SysAssist.Api\Properties\launchSettings.json...
Сборка…
[18:40:33 INF] Now listening on: http://localhost:5089
[18:40:33 INF] Application started. Press Ctrl+C to shut down.
[18:40:33 INF] Hosting environment: Development
[18:40:33 INF] Content root path: C:\Users\8-Bits\Desktop\Sys\SysAssist\src\SysAssist.Api
[18:40:53 INF] HTTP GET /health responded 200 in 53.8904 ms
[18:40:53 INF] HTTP GET /swagger/index.html responded 200 in 76.6351 ms
[18:41:05 INF] HTTP HEAD /swagger/index.html responded 404 in 6.1714 ms
[18:41:05 ERR] HTTP POST /api/auth/login responded 500 in 15.7331 ms
Microsoft.AspNetCore.Http.BadHttpRequestException: Failed to read parameter "LoginRequest request" from the request body as JSON.
 ---> System.Text.Json.JsonException: '\' is an invalid start of a property name. Expected a '"'. Path: $ | LineNumber: 0 | BytePositionInLine: 1.
 ---> System.Text.Json.JsonReaderException: '\' is an invalid start of a property name. Expected a '"'. LineNumber: 0 | BytePositionInLine: 1.
   at System.Text.Json.ThrowHelper.ThrowJsonReaderException(Utf8JsonReader& json, ExceptionResource resource, Byte nextByte, ReadOnlySpan`1 bytes)
   at System.Text.Json.Utf8JsonReader.ReadSingleSegment()
   at System.Text.Json.Utf8JsonReader.Read()
   at System.Text.Json.Serialization.Converters.ObjectWithParameterizedConstructorConverter`1.ReadConstructorArgumentsWithContinuation(ReadStack& state, Utf8JsonReader& reader, JsonSerializerOptions options)
   at System.Text.Json.Serialization.Converters.ObjectWithParameterizedConstructorConverter`1.OnTryRead(Utf8JsonReader& reader, Type typeToConvert, JsonSerializerOptions options, ReadStack& state, T& value)
   at System.Text.Json.Serialization.JsonConverter`1.TryRead(Utf8JsonReader& reader, Type typeToConvert, JsonSerializerOptions options, ReadStack& state, T& value, Boolean& isPopulatedValue)
   at System.Text.Json.Serialization.JsonConverter`1.ReadCore(Utf8JsonReader& reader, T& value, JsonSerializerOptions options, ReadStack& state)
   --- End of inner exception stack trace ---
   at System.Text.Json.ThrowHelper.ReThrowWithPath(ReadStack& state, JsonReaderException ex)
   at System.Text.Json.Serialization.JsonConverter`1.ReadCore(Utf8JsonReader& reader, T& value, JsonSerializerOptions options, ReadStack& state)
   at System.Text.Json.Serialization.Metadata.JsonTypeInfo`1.ContinueDeserialize(ReadBufferState& bufferState, JsonReaderState& jsonReaderState, ReadStack& readStack, T& value)
   at System.Text.Json.Serialization.Metadata.JsonTypeInfo`1.DeserializeAsync(Stream utf8Json, CancellationToken cancellationToken)
   at System.Text.Json.Serialization.Metadata.JsonTypeInfo`1.DeserializeAsObjectAsync(Stream utf8Json, CancellationToken cancellationToken)
   at Microsoft.AspNetCore.Http.HttpRequestJsonExtensions.ReadFromJsonAsync(HttpRequest request, JsonTypeInfo jsonTypeInfo, CancellationToken cancellationToken)
   at Microsoft.AspNetCore.Http.HttpRequestJsonExtensions.ReadFromJsonAsync(HttpRequest request, JsonTypeInfo jsonTypeInfo, CancellationToken cancellationToken)
   at Microsoft.AspNetCore.Http.RequestDelegateFactory.<HandleRequestBodyAndCompileRequestDelegateForJson>g__TryReadBodyAsync|101_0(HttpContext httpContext, Type bodyType, String parameterTypeName, String parameterName, Boolean allowEmptyRequestBody, Boolean throwOnBadRequest, JsonTypeInfo jsonTypeInfo)
   --- End of inner exception stack trace ---
   at Microsoft.AspNetCore.Http.RequestDelegateFactory.Log.InvalidJsonRequestBody(HttpContext httpContext, String parameterTypeName, String parameterName, Exception exception, Boolean shouldThrow)
   at Microsoft.AspNetCore.Http.RequestDelegateFactory.<HandleRequestBodyAndCompileRequestDelegateForJson>g__TryReadBodyAsync|101_0(HttpContext httpContext, Type bodyType, String parameterTypeName, String parameterName, Boolean allowEmptyRequestBody, Boolean throwOnBadRequest, JsonTypeInfo jsonTypeInfo)
   at Microsoft.AspNetCore.Http.RequestDelegateFactory.<>c__DisplayClass101_2.<<HandleRequestBodyAndCompileRequestDelegateForJson>b__2>d.MoveNext()
--- End of stack trace from previous location ---
   at Microsoft.AspNetCore.Authorization.AuthorizationMiddleware.Invoke(HttpContext context)
   at Microsoft.AspNetCore.Authentication.AuthenticationMiddleware.Invoke(HttpContext context)
   at Swashbuckle.AspNetCore.SwaggerUI.SwaggerUIMiddleware.Invoke(HttpContext httpContext)
   at Swashbuckle.AspNetCore.Swagger.SwaggerMiddleware.Invoke(HttpContext httpContext, ISwaggerProvider swaggerProvider)
   at Serilog.AspNetCore.RequestLoggingMiddleware.Invoke(HttpContext httpContext)
[18:41:15 INF] HTTP GET / responded 404 in 0.2880 ms
[18:41:15 INF] HTTP GET /openapi/v1.json responded 404 in 0.2155 ms
[18:41:28 INF] HTTP GET /swagger/index.html responded 200 in 0.5352 ms
[18:41:28 INF] HTTP GET /swagger/v1/swagger.json responded 200 in 119.7953 ms
[18:41:28 INF] HTTP POST /api/auth/login responded 200 in 90.7521 ms
[18:43:31 INF] HTTP GET / responded 404 in 0.4511 ms
[18:43:31 INF] HTTP GET /health responded 200 in 0.4801 ms
[18:43:31 INF] HTTP GET /swagger/index.html responded 200 in 5.8197 ms
[18:43:35 INF] HTTP OPTIONS /api/diagnostics responded 204 in 1.0593 ms
[18:43:35 INF] HTTP OPTIONS /api/dashboard responded 204 in 0.2294 ms
[18:43:35 INF] HTTP OPTIONS /api/modules responded 204 in 0.0577 ms
[18:43:51 INF] HTTP OPTIONS /api/auth/login responded 204 in 0.0810 ms
[18:43:51 INF] HTTP OPTIONS /api/diagnostics responded 204 in 0.0587 ms
[18:43:51 INF] HTTP OPTIONS /api/dashboard responded 204 in 0.0650 ms
[18:43:51 INF] HTTP OPTIONS /api/modules responded 204 in 0.0589 ms
[18:43:53 INF] HTTP OPTIONS /api/diagnostics responded 204 in 0.0600 ms
[18:43:53 INF] HTTP OPTIONS /api/dashboard responded 204 in 0.0599 ms
[18:43:53 INF] HTTP OPTIONS /api/modules responded 204 in 0.1090 ms
[18:43:58 INF] HTTP OPTIONS /api/diagnostics responded 204 in 0.0915 ms
[18:43:58 INF] HTTP OPTIONS /api/dashboard responded 204 in 0.0378 ms
[18:43:58 INF] HTTP OPTIONS /api/modules responded 204 in 0.0231 ms
[18:44:31 INF] HTTP OPTIONS /api/modules responded 204 in 0.1969 ms
[18:44:31 INF] HTTP OPTIONS /api/diagnostics responded 204 in 0.1474 ms
[18:44:31 INF] HTTP OPTIONS /api/dashboard responded 204 in 0.0335 ms
[18:44:32 INF] HTTP OPTIONS /api/events responded 204 in 0.0656 ms
[18:44:32 INF] HTTP OPTIONS /api/modules responded 204 in 0.0300 ms
[18:44:39 INF] HTTP OPTIONS /api/approvals responded 204 in 0.0877 ms
[18:44:39 INF] HTTP OPTIONS /api/actions responded 204 in 0.0850 ms
[18:44:39 INF] HTTP OPTIONS /api/events responded 204 in 0.0845 ms
[18:44:40 INF] HTTP OPTIONS /api/actions responded 204 in 0.0542 ms
[18:44:40 INF] HTTP OPTIONS /api/events responded 204 in 0.0156 ms
[18:44:40 INF] HTTP OPTIONS /api/modules responded 204 in 0.0371 ms
[18:44:43 INF] HTTP OPTIONS /api/modules/mod-zabbix/settings responded 204 in 0.0661 ms
[18:44:43 INF] HTTP OPTIONS /api/modules/mod-zabbix/actions responded 204 in 0.0262 ms
[18:44:49 INF] HTTP OPTIONS /api/actions responded 204 in 0.0605 ms
[18:44:49 INF] HTTP OPTIONS /api/modules responded 204 in 0.0143 ms
[18:44:50 INF] HTTP OPTIONS /api/audit responded 204 in 0.0692 ms
[18:44:50 INF] HTTP OPTIONS /api/actions responded 204 in 0.0524 ms
[18:44:50 INF] HTTP OPTIONS /api/modules responded 204 in 0.0152 ms
[18:44:51 INF] HTTP OPTIONS /api/logs responded 204 in 0.0673 ms
[18:44:51 INF] HTTP OPTIONS /api/notifications responded 204 in 0.0673 ms
[18:44:52 INF] HTTP OPTIONS /api/users responded 204 in 0.1001 ms
[18:44:52 INF] HTTP OPTIONS /api/roles responded 204 in 0.0098 ms
[18:44:53 INF] HTTP OPTIONS /api/diagnostics responded 204 in 0.0637 ms
[18:44:55 INF] HTTP OPTIONS /api/dashboard responded 204 in 0.0140 ms
[18:44:55 INF] HTTP OPTIONS /api/diagnostics responded 204 in 0.0549 ms
[18:44:55 INF] HTTP OPTIONS /api/modules responded 204 in 0.0480 ms
[18:45:20 INF] HTTP OPTIONS /api/diagnostics responded 204 in 0.1850 ms
[18:45:20 INF] HTTP OPTIONS /api/dashboard responded 204 in 0.0392 ms
[18:45:20 INF] HTTP OPTIONS /api/modules responded 204 in 0.0103 ms
[18:45:44 INF] HTTP OPTIONS /api/dashboard responded 204 in 0.0429 ms
[18:45:44 INF] HTTP OPTIONS /api/diagnostics responded 204 in 0.0428 ms
[18:45:44 INF] HTTP OPTIONS /api/modules responded 204 in 0.0222 ms
[18:48:44 INF] HTTP OPTIONS /api/diagnostics responded 204 in 0.0350 ms
[18:48:44 INF] HTTP OPTIONS /api/dashboard responded 204 in 0.0570 ms
[18:48:44 INF] HTTP OPTIONS /api/modules responded 204 in 0.0298 ms
[18:48:45 INF] HTTP OPTIONS /api/diagnostics responded 204 in 0.0312 ms
[18:48:45 INF] HTTP OPTIONS /api/dashboard responded 204 in 0.0368 ms
[18:48:45 INF] HTTP OPTIONS /api/modules responded 204 in 0.0503 ms
[18:49:11 INF] HTTP OPTIONS /api/diagnostics responded 204 in 0.0422 ms
[18:49:11 INF] HTTP OPTIONS /api/dashboard responded 204 in 0.0303 ms
[18:49:11 INF] HTTP OPTIONS /api/modules responded 204 in 0.0393 ms
[18:49:11 INF] HTTP OPTIONS /api/diagnostics responded 204 in 0.0319 ms
[18:49:11 INF] HTTP OPTIONS /api/dashboard responded 204 in 0.0299 ms
[18:49:11 INF] HTTP OPTIONS /api/modules responded 204 in 0.0226 ms
[18:49:51 INF] HTTP OPTIONS /api/diagnostics responded 204 in 0.0308 ms
[18:49:51 INF] HTTP OPTIONS /api/dashboard responded 204 in 0.0280 ms
[18:49:51 INF] HTTP OPTIONS /api/modules responded 204 in 0.0093 ms
[18:49:58 INF] HTTP OPTIONS /api/diagnostics responded 204 in 0.0291 ms
[18:49:58 INF] HTTP OPTIONS /api/dashboard responded 204 in 0.0248 ms
[18:49:58 INF] HTTP OPTIONS /api/modules responded 204 in 0.0306 ms
[18:50:03 INF] HTTP OPTIONS /api/diagnostics responded 204 in 0.1682 ms
[18:50:03 INF] HTTP OPTIONS /api/dashboard responded 204 in 0.0262 ms
[18:50:03 INF] HTTP OPTIONS /api/modules responded 204 in 0.0228 ms
[18:50:04 INF] HTTP OPTIONS /api/diagnostics responded 204 in 0.0242 ms
[18:50:04 INF] HTTP OPTIONS /api/dashboard responded 204 in 0.0408 ms
[18:50:04 INF] HTTP OPTIONS /api/modules responded 204 in 0.0198 ms
[18:50:09 INF] HTTP OPTIONS /api/diagnostics responded 204 in 0.0221 ms
[18:50:09 INF] HTTP OPTIONS /api/dashboard responded 204 in 0.0154 ms
[18:50:09 INF] HTTP OPTIONS /api/modules responded 204 in 0.0082 ms
[18:50:33 INF] HTTP OPTIONS /api/diagnostics responded 204 in 0.0226 ms
[18:50:33 INF] HTTP OPTIONS /api/dashboard responded 204 in 0.0226 ms
[18:50:33 INF] HTTP OPTIONS /api/modules responded 204 in 0.0164 ms
[18:50:44 INF] HTTP OPTIONS /api/diagnostics responded 204 in 0.0290 ms
[18:50:44 INF] HTTP OPTIONS /api/modules responded 204 in 0.0179 ms
[18:50:44 INF] HTTP OPTIONS /api/dashboard responded 204 in 0.0311 ms
[18:50:44 INF] HTTP OPTIONS /api/modules responded 204 in 0.0155 ms
[18:50:44 INF] HTTP OPTIONS /api/diagnostics responded 204 in 0.0220 ms
[18:50:44 INF] HTTP OPTIONS /api/modules responded 204 in 0.0127 ms
[18:50:44 INF] HTTP OPTIONS /api/modules responded 204 in 0.0326 ms
[18:50:44 INF] HTTP OPTIONS /api/dashboard responded 204 in 0.0263 ms
[18:50:52 INF] HTTP OPTIONS /api/diagnostics responded 204 in 0.0241 ms
[18:50:52 INF] HTTP OPTIONS /api/modules responded 204 in 0.0138 ms
[18:50:52 INF] HTTP OPTIONS /api/dashboard responded 204 in 0.0295 ms
[18:50:52 INF] HTTP OPTIONS /api/modules responded 204 in 0.0126 ms
[18:50:53 INF] HTTP OPTIONS /api/diagnostics responded 204 in 0.0220 ms
[18:50:53 INF] HTTP OPTIONS /api/modules responded 204 in 0.0220 ms
[18:50:53 INF] HTTP OPTIONS /api/dashboard responded 204 in 0.0192 ms
[18:50:53 INF] HTTP OPTIONS /api/modules responded 204 in 0.0121 ms
[18:51:21 INF] HTTP OPTIONS /api/diagnostics responded 204 in 0.0201 ms
[18:51:21 INF] HTTP OPTIONS /api/dashboard responded 204 in 0.0066 ms
[18:51:21 INF] HTTP OPTIONS /api/modules responded 204 in 0.0069 ms
[18:51:21 INF] HTTP OPTIONS /api/modules responded 204 in 0.0168 ms
[18:51:21 INF] HTTP OPTIONS /api/modules responded 204 in 0.0234 ms
[18:51:21 INF] HTTP OPTIONS /api/diagnostics responded 204 in 0.0233 ms
[18:51:21 INF] HTTP OPTIONS /api/dashboard responded 204 in 0.0196 ms
[18:51:21 INF] HTTP OPTIONS /api/modules responded 204 in 0.0074 ms
[18:51:45 INF] HTTP OPTIONS /api/modules responded 204 in 0.0192 ms
[18:51:45 INF] HTTP OPTIONS /api/diagnostics responded 204 in 0.0083 ms
[18:51:45 INF] HTTP OPTIONS /api/dashboard responded 204 in 0.0053 ms
[18:51:45 INF] HTTP OPTIONS /api/modules responded 204 in 0.0061 ms
[18:51:50 INF] HTTP OPTIONS /api/diagnostics responded 204 in 0.0231 ms
[18:51:50 INF] HTTP OPTIONS /api/dashboard responded 204 in 0.0144 ms
[18:51:50 INF] HTTP OPTIONS /api/modules responded 204 in 0.0111 ms
[18:51:50 INF] HTTP OPTIONS /api/modules responded 204 in 0.0152 ms
[18:51:54 INF] HTTP OPTIONS /api/actions responded 204 in 0.0341 ms
[18:51:54 INF] HTTP OPTIONS /api/events responded 204 in 0.0065 ms
[18:51:54 INF] HTTP OPTIONS /api/modules responded 204 in 0.0163 ms
[18:52:01 INF] HTTP OPTIONS /api/dashboard responded 204 in 0.0273 ms
[18:52:01 INF] HTTP OPTIONS /api/modules responded 204 in 0.0126 ms
[18:52:02 INF] HTTP OPTIONS /api/diagnostics responded 204 in 0.0290 ms
[18:52:02 INF] HTTP OPTIONS /api/modules responded 204 in 0.0124 ms
[18:52:02 INF] HTTP OPTIONS /api/dashboard responded 204 in 0.0067 ms
[18:52:02 INF] HTTP OPTIONS /api/modules responded 204 in 0.0086 ms
[18:52:22 INF] HTTP OPTIONS /api/diagnostics responded 204 in 0.0535 ms
[18:52:22 INF] HTTP OPTIONS /api/modules responded 204 in 0.0253 ms
[18:52:22 INF] HTTP OPTIONS /api/dashboard responded 204 in 0.0106 ms
[18:52:22 INF] HTTP OPTIONS /api/modules responded 204 in 0.0083 ms
[18:52:22 INF] HTTP OPTIONS /api/diagnostics responded 204 in 0.0510 ms
[18:52:22 INF] HTTP OPTIONS /api/modules responded 204 in 0.0131 ms
[18:52:22 INF] HTTP OPTIONS /api/dashboard responded 204 in 0.0292 ms
[18:52:22 INF] HTTP OPTIONS /api/modules responded 204 in 0.0126 ms
[18:52:25 INF] HTTP OPTIONS /api/dashboard responded 204 in 0.0206 ms
[18:52:25 INF] HTTP OPTIONS /api/modules responded 204 in 0.0165 ms
[18:52:25 INF] HTTP OPTIONS /api/modules responded 204 in 0.0189 ms
[18:52:32 INF] HTTP OPTIONS /api/events responded 204 in 0.0222 ms
[18:52:32 INF] HTTP OPTIONS /api/actions responded 204 in 0.0147 ms
[18:52:32 INF] HTTP OPTIONS /api/modules responded 204 in 0.0109 ms
[18:52:37 INF] HTTP OPTIONS /api/dashboard responded 204 in 0.0182 ms
[18:52:37 INF] HTTP OPTIONS /api/modules responded 204 in 0.0056 ms
[18:53:23 INF] HTTP OPTIONS /api/roles responded 204 in 0.0168 ms
[18:53:23 INF] HTTP OPTIONS /api/users responded 204 in 0.0168 ms
[18:53:24 INF] HTTP OPTIONS /api/dashboard responded 204 in 0.0156 ms
[18:53:24 INF] HTTP OPTIONS /api/modules responded 204 in 0.0063 ms
[18:53:29 INF] HTTP OPTIONS /api/diagnostics responded 204 in 0.0146 ms
[18:53:29 INF] HTTP OPTIONS /api/modules responded 204 in 0.0203 ms
[18:53:29 INF] HTTP OPTIONS /api/dashboard responded 204 in 0.0054 ms
[18:53:29 INF] HTTP OPTIONS /api/modules responded 204 in 0.0055 ms
[18:59:29 INF] HTTP OPTIONS /api/diagnostics responded 204 in 0.0299 ms
[18:59:29 INF] HTTP OPTIONS /api/modules responded 204 in 0.0487 ms
[18:59:29 INF] HTTP OPTIONS /api/modules responded 204 in 0.0093 ms
[18:59:29 INF] HTTP OPTIONS /api/dashboard responded 204 in 0.0056 ms
[18:59:32 INF] HTTP OPTIONS /api/diagnostics responded 204 in 0.0235 ms
[18:59:32 INF] HTTP OPTIONS /api/modules responded 204 in 0.0160 ms
[18:59:32 INF] HTTP OPTIONS /api/dashboard responded 204 in 0.0200 ms
[18:59:32 INF] HTTP OPTIONS /api/modules responded 204 in 0.0227 ms
[18:59:33 INF] HTTP OPTIONS /api/diagnostics responded 204 in 0.0262 ms
[18:59:33 INF] HTTP OPTIONS /api/modules responded 204 in 0.0421 ms
[18:59:33 INF] HTTP OPTIONS /api/dashboard responded 204 in 0.0230 ms
[18:59:33 INF] HTTP OPTIONS /api/modules responded 204 in 0.0375 ms
[18:59:42 INF] HTTP OPTIONS /api/diagnostics responded 204 in 0.0249 ms
[18:59:42 INF] HTTP OPTIONS /api/dashboard responded 204 in 0.0127 ms
[18:59:42 INF] HTTP OPTIONS /api/modules responded 204 in 0.0349 ms
[18:59:42 INF] HTTP OPTIONS /api/modules responded 204 in 0.0184 ms
[19:00:17 INF] HTTP OPTIONS /api/diagnostics responded 204 in 0.9038 ms
[19:00:17 INF] HTTP OPTIONS /api/dashboard responded 204 in 0.0301 ms
[19:00:17 INF] HTTP OPTIONS /api/modules responded 204 in 0.0090 ms
[19:00:17 INF] HTTP OPTIONS /api/modules responded 204 in 0.0075 ms
[19:00:25 INF] HTTP OPTIONS /api/events responded 204 in 0.0287 ms
[19:00:25 INF] HTTP OPTIONS /api/modules responded 204 in 0.0283 ms
[19:00:27 INF] HTTP OPTIONS /api/approvals responded 204 in 0.0170 ms
[19:00:27 INF] HTTP OPTIONS /api/events responded 204 in 0.0077 ms
[19:00:27 INF] HTTP OPTIONS /api/actions responded 204 in 0.0081 ms
[19:00:29 INF] HTTP OPTIONS /api/actions responded 204 in 0.0167 ms
[19:00:29 INF] HTTP OPTIONS /api/events responded 204 in 0.0061 ms
[19:00:29 INF] HTTP OPTIONS /api/modules responded 204 in 0.0149 ms
[19:00:30 INF] HTTP OPTIONS /api/actions responded 204 in 0.0170 ms
[19:00:30 INF] HTTP OPTIONS /api/modules responded 204 in 0.0120 ms
[19:00:31 INF] HTTP OPTIONS /api/actions responded 204 in 0.0199 ms
[19:00:31 INF] HTTP OPTIONS /api/events responded 204 in 0.0068 ms
[19:00:32 INF] HTTP OPTIONS /api/modules responded 204 in 0.0210 ms
[19:00:32 INF] HTTP OPTIONS /api/audit responded 204 in 0.0176 ms
[19:00:33 INF] HTTP OPTIONS /api/logs responded 204 in 0.0257 ms
[19:00:34 INF] HTTP OPTIONS /api/notifications responded 204 in 0.0150 ms
[19:00:35 INF] HTTP OPTIONS /api/users responded 204 in 0.0199 ms
[19:00:35 INF] HTTP OPTIONS /api/roles responded 204 in 0.0059 ms
[19:00:36 INF] HTTP OPTIONS /api/diagnostics responded 204 in 0.0180 ms
[19:00:38 INF] HTTP OPTIONS /api/diagnostics responded 204 in 0.0320 ms
[19:00:38 INF] HTTP OPTIONS /api/users responded 204 in 0.0210 ms
[19:00:38 INF] HTTP OPTIONS /api/roles responded 204 in 0.0056 ms
[19:00:40 INF] HTTP OPTIONS /api/diagnostics responded 204 in 0.0212 ms
[19:00:40 INF] HTTP OPTIONS /api/modules responded 204 in 0.0097 ms
[19:00:40 INF] HTTP OPTIONS /api/dashboard responded 204 in 0.0068 ms
[19:00:40 INF] HTTP OPTIONS /api/modules responded 204 in 0.0096 ms
[19:00:58 INF] HTTP OPTIONS /api/diagnostics responded 204 in 0.0599 ms
[19:00:58 INF] HTTP OPTIONS /api/modules responded 204 in 0.0146 ms
[19:00:58 INF] HTTP OPTIONS /api/dashboard responded 204 in 0.0109 ms
[19:00:58 INF] HTTP OPTIONS /api/modules responded 204 in 0.0112 ms
[19:01:01 INF] HTTP OPTIONS /api/diagnostics responded 204 in 0.0198 ms
[19:01:01 INF] HTTP OPTIONS /api/modules responded 204 in 0.0252 ms
[19:01:01 INF] HTTP OPTIONS /api/users responded 204 in 0.0125 ms
[19:01:01 INF] HTTP OPTIONS /api/roles responded 204 in 0.0067 ms
[19:01:07 INF] HTTP OPTIONS /api/diagnostics responded 204 in 0.0239 ms
[19:01:07 INF] HTTP OPTIONS /api/modules responded 204 in 0.0110 ms
[19:01:07 INF] HTTP OPTIONS /api/dashboard responded 204 in 0.0279 ms
[19:01:07 INF] HTTP OPTIONS /api/modules responded 204 in 0.0770 ms
[19:01:08 INF] HTTP OPTIONS /api/diagnostics responded 204 in 0.0258 ms
[19:01:08 INF] HTTP OPTIONS /api/modules responded 204 in 0.0126 ms
[19:01:08 INF] HTTP OPTIONS /api/dashboard responded 204 in 0.0063 ms
[19:01:08 INF] HTTP OPTIONS /api/modules responded 204 in 0.0067 ms
[19:02:14 INF] HTTP OPTIONS /api/diagnostics responded 204 in 0.0447 ms
[19:02:14 INF] HTTP OPTIONS /api/modules responded 204 in 0.0497 ms
[19:02:14 INF] HTTP OPTIONS /api/users responded 204 in 0.0115 ms
[19:02:14 INF] HTTP OPTIONS /api/roles responded 204 in 0.0186 ms
[19:02:14 INF] HTTP OPTIONS /api/diagnostics responded 204 in 0.0427 ms
[19:02:14 INF] HTTP OPTIONS /api/modules responded 204 in 0.0175 ms
[19:02:14 INF] HTTP OPTIONS /api/dashboard responded 204 in 0.0632 ms
[19:02:14 INF] HTTP OPTIONS /api/modules responded 204 in 0.0154 ms
[19:02:25 INF] HTTP OPTIONS /api/diagnostics responded 204 in 0.0280 ms
[19:02:25 INF] HTTP OPTIONS /api/modules responded 204 in 0.0109 ms
[19:02:25 INF] HTTP OPTIONS /api/users responded 204 in 0.0073 ms
[19:02:25 INF] HTTP OPTIONS /api/roles responded 204 in 0.0078 ms
[19:02:25 INF] HTTP OPTIONS /api/diagnostics responded 204 in 0.0258 ms
[19:02:25 INF] HTTP OPTIONS /api/modules responded 204 in 0.0102 ms
[19:02:25 INF] HTTP OPTIONS /api/dashboard responded 204 in 0.0345 ms
[19:02:25 INF] HTTP OPTIONS /api/modules responded 204 in 0.0093 ms
[19:05:50 INF] HTTP OPTIONS /api/diagnostics responded 204 in 0.0485 ms
[19:05:50 INF] HTTP OPTIONS /api/modules responded 204 in 0.0161 ms
[19:05:50 INF] HTTP OPTIONS /api/roles responded 204 in 0.0122 ms
[19:05:50 INF] HTTP OPTIONS /api/users responded 204 in 0.0082 ms
[19:05:50 INF] HTTP OPTIONS /api/diagnostics responded 204 in 0.0348 ms
[19:05:50 INF] HTTP OPTIONS /api/modules responded 204 in 0.0182 ms
[19:05:50 INF] HTTP OPTIONS /api/dashboard responded 204 in 0.0260 ms
[19:05:50 INF] HTTP OPTIONS /api/modules responded 204 in 0.0114 ms
[19:05:57 INF] HTTP OPTIONS /api/diagnostics responded 204 in 0.0335 ms
[19:05:57 INF] HTTP OPTIONS /api/modules responded 204 in 0.0085 ms
[19:05:57 INF] HTTP OPTIONS /api/users responded 204 in 0.0054 ms
[19:05:57 INF] HTTP OPTIONS /api/roles responded 204 in 0.0061 ms
[19:05:57 INF] HTTP OPTIONS /api/diagnostics responded 204 in 0.0253 ms
[19:05:57 INF] HTTP OPTIONS /api/modules responded 204 in 0.0068 ms
[19:05:57 INF] HTTP OPTIONS /api/dashboard responded 204 in 0.0246 ms
[19:05:57 INF] HTTP OPTIONS /api/modules responded 204 in 0.0080 ms
[19:06:34 INF] HTTP OPTIONS /api/diagnostics responded 204 in 0.0280 ms
[19:06:34 INF] HTTP OPTIONS /api/modules responded 204 in 0.0084 ms
[19:06:34 INF] HTTP OPTIONS /api/dashboard responded 204 in 0.0272 ms
[19:06:34 INF] HTTP OPTIONS /api/modules responded 204 in 0.0082 ms
[19:07:20 INF] HTTP OPTIONS /api/modules responded 204 in 0.0077 ms
[19:07:20 INF] HTTP OPTIONS /api/events responded 204 in 0.0380 ms
[19:07:22 INF] HTTP OPTIONS /api/approvals responded 204 in 0.0258 ms
[19:07:22 INF] HTTP OPTIONS /api/events responded 204 in 0.0078 ms
[19:07:22 INF] HTTP OPTIONS /api/actions responded 204 in 0.0119 ms
[19:07:24 INF] HTTP OPTIONS /api/actions responded 204 in 0.0196 ms
[19:07:24 INF] HTTP OPTIONS /api/events responded 204 in 0.0104 ms
[19:07:24 INF] HTTP OPTIONS /api/modules responded 204 in 0.0139 ms
[19:07:26 INF] HTTP OPTIONS /api/actions responded 204 in 0.0234 ms
[19:07:26 INF] HTTP OPTIONS /api/modules responded 204 in 0.0074 ms
[19:07:28 INF] HTTP OPTIONS /api/audit responded 204 in 0.0362 ms
[19:07:30 INF] HTTP OPTIONS /api/logs responded 204 in 0.0183 ms
[19:07:34 INF] HTTP OPTIONS /api/notifications responded 204 in 0.0347 ms
[19:07:38 INF] HTTP OPTIONS /api/users responded 204 in 0.0258 ms
[19:07:38 INF] HTTP OPTIONS /api/roles responded 204 in 0.0129 ms
[19:07:42 INF] HTTP OPTIONS /api/diagnostics responded 204 in 0.0347 ms
[19:08:01 INF] HTTP OPTIONS /api/diagnostics responded 204 in 0.0304 ms
[19:08:01 INF] HTTP OPTIONS /api/diagnostics responded 204 in 0.0175 ms
[19:08:01 INF] HTTP OPTIONS /api/modules responded 204 in 0.0068 ms
[19:08:31 INF] HTTP OPTIONS /api/diagnostics responded 204 in 0.0200 ms
[19:08:31 INF] HTTP OPTIONS /api/modules responded 204 in 0.0078 ms
[19:08:31 INF] HTTP OPTIONS /api/dashboard responded 204 in 0.0226 ms
[19:08:31 INF] HTTP OPTIONS /api/modules responded 204 in 0.0110 ms
[19:29:27 INF] HTTP OPTIONS /api/diagnostics responded 204 in 0.0325 ms
[19:29:27 INF] HTTP OPTIONS /api/modules responded 204 in 0.0088 ms
[19:29:27 INF] HTTP OPTIONS /api/dashboard responded 204 in 0.0203 ms
[19:29:27 INF] HTTP OPTIONS /api/modules responded 204 in 0.0072 ms
[19:29:36 INF] HTTP OPTIONS /api/diagnostics responded 204 in 0.0305 ms
[19:29:36 INF] HTTP OPTIONS /api/modules responded 204 in 0.0326 ms
[19:29:36 INF] HTTP OPTIONS /api/dashboard responded 204 in 0.0692 ms
[19:29:36 INF] HTTP OPTIONS /api/modules responded 204 in 0.0189 ms
[19:29:37 INF] HTTP OPTIONS /api/diagnostics responded 204 in 0.0292 ms
[19:29:37 INF] HTTP OPTIONS /api/modules responded 204 in 0.1012 ms
[19:29:37 INF] HTTP OPTIONS /api/modules responded 204 in 0.0081 ms
[19:29:37 INF] HTTP OPTIONS /api/dashboard responded 204 in 0.0100 ms
[19:29:37 INF] HTTP OPTIONS /api/diagnostics responded 204 in 0.0285 ms
[19:29:37 INF] HTTP OPTIONS /api/modules responded 204 in 0.0261 ms
[19:29:37 INF] HTTP OPTIONS /api/dashboard responded 204 in 0.0253 ms
[19:29:37 INF] HTTP OPTIONS /api/modules responded 204 in 0.0662 ms
[19:29:50 INF] HTTP OPTIONS /api/diagnostics responded 204 in 0.0251 ms
[19:29:50 INF] HTTP OPTIONS /api/modules responded 204 in 0.0105 ms
[19:29:50 INF] HTTP OPTIONS /api/dashboard responded 204 in 0.0292 ms
[19:29:50 INF] HTTP OPTIONS /api/modules responded 204 in 0.0083 ms
[19:30:47 INF] HTTP OPTIONS /api/diagnostics responded 204 in 0.0356 ms
[19:30:47 INF] HTTP OPTIONS /api/modules responded 204 in 0.0224 ms
[19:30:47 INF] HTTP OPTIONS /api/dashboard responded 204 in 0.0060 ms
[19:30:47 INF] HTTP OPTIONS /api/modules responded 204 in 0.0252 ms
[19:30:57 INF] HTTP OPTIONS /api/diagnostics responded 204 in 0.0158 ms
[19:30:57 INF] HTTP OPTIONS /api/modules responded 204 in 0.0096 ms
[19:30:57 INF] HTTP OPTIONS /api/dashboard responded 204 in 0.0057 ms
[19:30:57 INF] HTTP OPTIONS /api/modules responded 204 in 0.0046 ms
[19:31:40 INF] HTTP OPTIONS /api/diagnostics responded 204 in 0.0229 ms
[19:31:40 INF] HTTP OPTIONS /api/modules responded 204 in 0.0072 ms
[19:31:40 INF] HTTP OPTIONS /api/dashboard responded 204 in 0.0266 ms
[19:31:40 INF] HTTP OPTIONS /api/modules responded 204 in 0.0173 ms
[19:31:41 INF] HTTP OPTIONS /api/diagnostics responded 204 in 0.0246 ms
[19:31:41 INF] HTTP OPTIONS /api/modules responded 204 in 0.0093 ms
[19:31:41 INF] HTTP OPTIONS /api/dashboard responded 204 in 0.0279 ms
[19:31:41 INF] HTTP OPTIONS /api/modules responded 204 in 0.0206 ms
[19:31:48 INF] HTTP OPTIONS /api/diagnostics responded 204 in 0.0207 ms
[19:31:48 INF] HTTP OPTIONS /api/modules responded 204 in 0.0091 ms
[19:31:49 INF] HTTP OPTIONS /api/dashboard responded 204 in 0.0219 ms
[19:31:49 INF] HTTP OPTIONS /api/modules responded 204 in 0.0081 ms
[19:31:49 INF] HTTP OPTIONS /api/diagnostics responded 204 in 0.0339 ms
[19:31:49 INF] HTTP OPTIONS /api/modules responded 204 in 0.0206 ms
[19:31:49 INF] HTTP OPTIONS /api/dashboard responded 204 in 0.0229 ms
[19:31:49 INF] HTTP OPTIONS /api/modules responded 204 in 0.0144 ms
[19:32:12 INF] HTTP OPTIONS /api/diagnostics responded 204 in 0.0207 ms
[19:32:12 INF] HTTP OPTIONS /api/modules responded 204 in 0.0081 ms
[19:32:12 INF] HTTP OPTIONS /api/dashboard responded 204 in 0.0219 ms
[19:32:12 INF] HTTP OPTIONS /api/modules responded 204 in 0.0093 ms
[19:32:13 INF] HTTP OPTIONS /api/diagnostics responded 204 in 0.0295 ms
[19:32:13 INF] HTTP OPTIONS /api/modules responded 204 in 0.0133 ms
[19:32:13 INF] HTTP OPTIONS /api/dashboard responded 204 in 0.0282 ms
[19:32:13 INF] HTTP OPTIONS /api/modules responded 204 in 0.0327 ms
[19:32:14 INF] HTTP OPTIONS /api/diagnostics responded 204 in 0.0210 ms
[19:32:14 INF] HTTP OPTIONS /api/modules responded 204 in 0.0120 ms
[19:32:14 INF] HTTP OPTIONS /api/dashboard responded 204 in 0.0079 ms
[19:32:14 INF] HTTP OPTIONS /api/modules responded 204 in 0.0077 ms
[19:32:40 INF] HTTP OPTIONS /api/diagnostics responded 204 in 0.0179 ms
[19:32:40 INF] HTTP OPTIONS /api/modules responded 204 in 0.0055 ms
[19:32:40 INF] HTTP OPTIONS /api/diagnostics responded 204 in 0.0190 ms
[19:32:40 INF] HTTP OPTIONS /api/modules responded 204 in 0.0086 ms
[19:32:40 INF] HTTP OPTIONS /api/dashboard responded 204 in 0.0193 ms
[19:32:40 INF] HTTP OPTIONS /api/modules responded 204 in 0.0085 ms
[19:32:40 INF] HTTP OPTIONS /api/dashboard responded 204 in 0.0177 ms
[19:32:40 INF] HTTP OPTIONS /api/modules responded 204 in 0.0066 ms
[19:33:24 INF] HTTP OPTIONS /api/diagnostics responded 204 in 0.0200 ms
[19:33:24 INF] HTTP OPTIONS /api/modules responded 204 in 0.0058 ms
[19:33:24 INF] HTTP OPTIONS /api/dashboard responded 204 in 0.0192 ms
[19:33:24 INF] HTTP OPTIONS /api/modules responded 204 in 0.0086 ms
[19:34:13 INF] HTTP OPTIONS /api/diagnostics responded 204 in 0.0195 ms
[19:34:13 INF] HTTP OPTIONS /api/modules responded 204 in 0.0061 ms
[19:34:13 INF] HTTP OPTIONS /api/diagnostics responded 204 in 0.0181 ms
[19:34:13 INF] HTTP OPTIONS /api/modules responded 204 in 0.0066 ms
[19:34:13 INF] HTTP OPTIONS /api/dashboard responded 204 in 0.0161 ms
[19:34:13 INF] HTTP OPTIONS /api/modules responded 204 in 0.0060 ms
[19:34:13 INF] HTTP OPTIONS /api/dashboard responded 204 in 0.0178 ms
[19:34:13 INF] HTTP OPTIONS /api/modules responded 204 in 0.0073 ms
[19:34:38 INF] HTTP OPTIONS /api/diagnostics responded 204 in 0.0191 ms
[19:34:38 INF] HTTP OPTIONS /api/modules responded 204 in 0.0068 ms
[19:34:38 INF] HTTP OPTIONS /api/dashboard responded 204 in 0.0188 ms
[19:34:38 INF] HTTP OPTIONS /api/modules responded 204 in 0.0080 ms
[19:34:51 INF] HTTP OPTIONS /api/diagnostics responded 204 in 0.0176 ms
[19:34:51 INF] HTTP OPTIONS /api/modules responded 204 in 0.0226 ms
[19:34:51 INF] HTTP OPTIONS /api/dashboard responded 204 in 0.0168 ms
[19:34:51 INF] HTTP OPTIONS /api/modules responded 204 in 0.0098 ms
[19:35:34 INF] HTTP OPTIONS /api/diagnostics responded 204 in 0.0211 ms
[19:35:34 INF] HTTP OPTIONS /api/modules responded 204 in 0.0052 ms
[19:35:34 INF] HTTP OPTIONS /api/dashboard responded 204 in 0.0189 ms
[19:35:34 INF] HTTP OPTIONS /api/modules responded 204 in 0.0064 ms
[19:35:35 INF] HTTP OPTIONS /api/diagnostics responded 204 in 0.0247 ms
[19:35:35 INF] HTTP OPTIONS /api/modules responded 204 in 0.0130 ms
[19:35:35 INF] HTTP OPTIONS /api/dashboard responded 204 in 0.0205 ms
[19:35:35 INF] HTTP OPTIONS /api/modules responded 204 in 0.0076 ms
[19:36:23 INF] HTTP OPTIONS /api/diagnostics responded 204 in 0.2374 ms
[19:36:23 INF] HTTP OPTIONS /api/modules responded 204 in 0.0256 ms
[19:36:23 INF] HTTP OPTIONS /api/dashboard responded 204 in 0.9958 ms
[19:36:23 INF] HTTP OPTIONS /api/modules responded 204 in 0.0130 ms
[19:36:24 INF] HTTP OPTIONS /api/diagnostics responded 204 in 0.0210 ms
[19:36:24 INF] HTTP OPTIONS /api/modules responded 204 in 0.0134 ms
[19:36:24 INF] HTTP OPTIONS /api/dashboard responded 204 in 0.0252 ms
[19:36:24 INF] HTTP OPTIONS /api/modules responded 204 in 0.0161 ms
[19:36:53 INF] HTTP OPTIONS /api/diagnostics responded 204 in 0.0231 ms
[19:36:53 INF] HTTP OPTIONS /api/modules responded 204 in 0.0079 ms
[19:36:53 INF] HTTP OPTIONS /api/dashboard responded 204 in 0.0066 ms
[19:36:53 INF] HTTP OPTIONS /api/modules responded 204 in 0.0221 ms
[19:36:53 INF] HTTP OPTIONS /api/diagnostics responded 204 in 0.0238 ms
[19:36:53 INF] HTTP OPTIONS /api/modules responded 204 in 0.0098 ms
[19:36:53 INF] HTTP OPTIONS /api/dashboard responded 204 in 0.0301 ms
[19:36:53 INF] HTTP OPTIONS /api/modules responded 204 in 0.0133 ms
[19:38:15 INF] HTTP OPTIONS /api/diagnostics responded 204 in 0.0303 ms
[19:38:15 INF] HTTP OPTIONS /api/modules responded 204 in 0.0217 ms
[19:38:15 INF] HTTP OPTIONS /api/dashboard responded 204 in 0.0378 ms
[19:38:15 INF] HTTP OPTIONS /api/modules responded 204 in 0.0145 ms
[19:38:15 INF] HTTP OPTIONS /api/diagnostics responded 204 in 0.0259 ms
[19:38:15 INF] HTTP OPTIONS /api/modules responded 204 in 0.0161 ms
[19:38:15 INF] HTTP OPTIONS /api/dashboard responded 204 in 0.0248 ms
[19:38:15 INF] HTTP OPTIONS /api/modules responded 204 in 0.0231 ms
[19:38:39 INF] HTTP OPTIONS /api/modules responded 204 in 0.0091 ms
[19:38:39 INF] HTTP OPTIONS /api/diagnostics responded 204 in 0.0232 ms
[19:38:39 INF] HTTP OPTIONS /api/dashboard responded 204 in 0.0079 ms
[19:38:39 INF] HTTP OPTIONS /api/modules responded 204 in 0.0155 ms
[19:38:40 INF] HTTP OPTIONS /api/diagnostics responded 204 in 0.0236 ms
[19:38:40 INF] HTTP OPTIONS /api/modules responded 204 in 0.0109 ms
[19:38:40 INF] HTTP OPTIONS /api/dashboard responded 204 in 0.0254 ms
[19:38:40 INF] HTTP OPTIONS /api/modules responded 204 in 0.0081 ms
[19:38:46 INF] HTTP OPTIONS /api/diagnostics responded 204 in 0.0231 ms
[19:38:46 INF] HTTP OPTIONS /api/modules responded 204 in 0.0100 ms
[19:38:46 INF] HTTP OPTIONS /api/dashboard responded 204 in 0.0085 ms
[19:38:46 INF] HTTP OPTIONS /api/modules responded 204 in 0.0079 ms
[19:38:46 INF] HTTP OPTIONS /api/diagnostics responded 204 in 0.0248 ms
[19:38:46 INF] HTTP OPTIONS /api/modules responded 204 in 0.0099 ms
[19:38:46 INF] HTTP OPTIONS /api/dashboard responded 204 in 0.0349 ms
[19:38:46 INF] HTTP OPTIONS /api/modules responded 204 in 0.0096 ms
[19:39:03 INF] HTTP OPTIONS /api/diagnostics responded 204 in 0.0170 ms
[19:39:03 INF] HTTP OPTIONS /api/modules responded 204 in 0.0095 ms
[19:39:03 INF] HTTP OPTIONS /api/dashboard responded 204 in 0.0281 ms
[19:39:03 INF] HTTP OPTIONS /api/modules responded 204 in 0.0072 ms
[19:39:04 INF] HTTP OPTIONS /api/diagnostics responded 204 in 0.0299 ms
[19:39:04 INF] HTTP OPTIONS /api/modules responded 204 in 0.0113 ms
[19:39:04 INF] HTTP OPTIONS /api/dashboard responded 204 in 0.0249 ms
[19:39:04 INF] HTTP OPTIONS /api/modules responded 204 in 0.0134 ms
[19:39:31 INF] HTTP OPTIONS /api/diagnostics responded 204 in 0.0402 ms
[19:39:31 INF] HTTP OPTIONS /api/dashboard responded 204 in 0.0079 ms
[19:39:31 INF] HTTP OPTIONS /api/modules responded 204 in 0.0059 ms
[19:39:31 INF] HTTP OPTIONS /api/modules responded 204 in 0.0062 ms
[19:39:31 INF] HTTP OPTIONS /api/diagnostics responded 204 in 0.0245 ms
[19:39:31 INF] HTTP OPTIONS /api/modules responded 204 in 0.0086 ms
[19:39:31 INF] HTTP OPTIONS /api/dashboard responded 204 in 0.0226 ms
[19:39:31 INF] HTTP OPTIONS /api/modules responded 204 in 0.0113 ms
[19:44:32 INF] HTTP OPTIONS /api/diagnostics responded 204 in 0.0344 ms
[19:44:32 INF] HTTP OPTIONS /api/modules responded 204 in 0.0335 ms
[19:44:32 INF] HTTP OPTIONS /api/dashboard responded 204 in 0.0204 ms
[19:44:32 INF] HTTP OPTIONS /api/modules responded 204 in 0.0146 ms
[19:44:32 INF] HTTP OPTIONS /api/diagnostics responded 204 in 0.0177 ms
[19:44:32 INF] HTTP OPTIONS /api/modules responded 204 in 0.0136 ms
[19:44:32 INF] HTTP OPTIONS /api/modules responded 204 in 0.4546 ms
[19:44:32 INF] HTTP OPTIONS /api/dashboard responded 204 in 0.0077 ms
[19:44:50 INF] HTTP OPTIONS /api/diagnostics responded 204 in 0.0240 ms
[19:44:50 INF] HTTP OPTIONS /api/modules responded 204 in 0.0123 ms
[19:44:50 INF] HTTP OPTIONS /api/modules responded 204 in 0.0074 ms
[19:44:50 INF] HTTP OPTIONS /api/dashboard responded 204 in 0.0074 ms
[19:45:04 INF] HTTP OPTIONS /api/diagnostics responded 204 in 0.0167 ms
[19:45:04 INF] HTTP OPTIONS /api/modules responded 204 in 0.0103 ms
[19:45:04 INF] HTTP OPTIONS /api/dashboard responded 204 in 0.0066 ms
[19:45:04 INF] HTTP OPTIONS /api/diagnostics responded 204 in 0.0116 ms
[19:45:04 INF] HTTP OPTIONS /api/modules responded 204 in 0.0114 ms
[19:45:04 INF] HTTP OPTIONS /api/modules responded 204 in 0.0227 ms
[19:45:04 INF] HTTP OPTIONS /api/dashboard responded 204 in 0.0159 ms
[19:45:04 INF] HTTP OPTIONS /api/modules responded 204 in 0.0240 ms
[19:45:28 INF] HTTP OPTIONS /api/modules responded 204 in 0.0214 ms
[19:45:28 INF] HTTP OPTIONS /api/diagnostics responded 204 in 0.0081 ms
[19:45:28 INF] HTTP OPTIONS /api/dashboard responded 204 in 0.0065 ms
[19:45:28 INF] HTTP OPTIONS /api/modules responded 204 in 0.0061 ms
[19:45:30 INF] HTTP OPTIONS /api/diagnostics responded 204 in 0.1766 ms
[19:45:30 INF] HTTP OPTIONS /api/modules responded 204 in 0.0119 ms
[19:45:30 INF] HTTP OPTIONS /api/dashboard responded 204 in 0.0136 ms
[19:45:30 INF] HTTP OPTIONS /api/modules responded 204 in 0.0089 ms
[19:45:30 INF] HTTP OPTIONS /api/diagnostics responded 204 in 0.0403 ms
[19:45:30 INF] HTTP OPTIONS /api/modules responded 204 in 0.0296 ms
[19:45:30 INF] HTTP OPTIONS /api/dashboard responded 204 in 0.0319 ms
[19:45:30 INF] HTTP OPTIONS /api/modules responded 204 in 0.0118 ms
[19:45:37 INF] HTTP OPTIONS /api/diagnostics responded 204 in 0.0208 ms
[19:45:37 INF] HTTP OPTIONS /api/modules responded 204 in 0.0149 ms
[19:45:37 INF] HTTP OPTIONS /api/dashboard responded 204 in 0.0078 ms
[19:45:37 INF] HTTP OPTIONS /api/modules responded 204 in 0.0043 ms
[19:47:16 INF] HTTP OPTIONS /api/diagnostics responded 204 in 0.0256 ms
[19:47:16 INF] HTTP OPTIONS /api/dashboard responded 204 in 0.0135 ms
[19:47:16 INF] HTTP OPTIONS /api/modules responded 204 in 0.0109 ms
[19:47:16 INF] HTTP OPTIONS /api/modules responded 204 in 0.0102 ms
[19:47:16 INF] HTTP OPTIONS /api/diagnostics responded 204 in 0.0199 ms
[19:47:16 INF] HTTP OPTIONS /api/modules responded 204 in 0.0095 ms
[19:47:16 INF] HTTP OPTIONS /api/dashboard responded 204 in 0.0244 ms
[19:47:16 INF] HTTP OPTIONS /api/modules responded 204 in 0.0125 ms
[19:47:30 INF] HTTP OPTIONS /api/diagnostics responded 204 in 0.0295 ms
[19:47:30 INF] HTTP OPTIONS /api/modules responded 204 in 0.0143 ms
[19:47:30 INF] HTTP OPTIONS /api/dashboard responded 204 in 0.0186 ms
[19:47:30 INF] HTTP OPTIONS /api/modules responded 204 in 0.0059 ms
[19:47:30 INF] HTTP OPTIONS /api/diagnostics responded 204 in 0.0256 ms
[19:47:30 INF] HTTP OPTIONS /api/modules responded 204 in 0.0326 ms
[19:47:30 INF] HTTP OPTIONS /api/dashboard responded 204 in 0.0160 ms
[19:47:30 INF] HTTP OPTIONS /api/modules responded 204 in 0.0127 ms
[19:47:32 INF] HTTP OPTIONS /api/diagnostics responded 204 in 0.0199 ms
[19:47:32 INF] HTTP OPTIONS /api/modules responded 204 in 0.0095 ms
[19:47:32 INF] HTTP OPTIONS /api/dashboard responded 204 in 0.0233 ms
[19:47:32 INF] HTTP OPTIONS /api/modules responded 204 in 0.0091 ms
[19:47:48 INF] HTTP OPTIONS /api/diagnostics responded 204 in 0.0216 ms
[19:47:48 INF] HTTP OPTIONS /api/modules responded 204 in 0.0120 ms
[19:47:48 INF] HTTP OPTIONS /api/dashboard responded 204 in 0.0070 ms
[19:47:48 INF] HTTP OPTIONS /api/modules responded 204 in 0.0075 ms
[19:47:54 INF] HTTP OPTIONS /api/diagnostics responded 204 in 0.0310 ms
[19:47:54 INF] HTTP OPTIONS /api/modules responded 204 in 0.0139 ms
[19:47:54 INF] HTTP OPTIONS /api/dashboard responded 204 in 0.0105 ms
[19:47:54 INF] HTTP OPTIONS /api/modules responded 204 in 0.0205 ms
[19:47:54 INF] HTTP OPTIONS /api/diagnostics responded 204 in 0.0203 ms
[19:47:54 INF] HTTP OPTIONS /api/modules responded 204 in 0.0085 ms
[19:47:54 INF] HTTP OPTIONS /api/dashboard responded 204 in 0.0080 ms
[19:47:54 INF] HTTP OPTIONS /api/modules responded 204 in 0.1283 ms
[19:48:00 INF] HTTP OPTIONS /api/diagnostics responded 204 in 0.0306 ms
[19:48:00 INF] HTTP OPTIONS /api/modules responded 204 in 0.0075 ms
[19:48:00 INF] HTTP OPTIONS /api/dashboard responded 204 in 0.0062 ms
[19:48:00 INF] HTTP OPTIONS /api/modules responded 204 in 0.0174 ms
[19:48:15 INF] HTTP OPTIONS /api/diagnostics responded 204 in 0.0238 ms
[19:48:15 INF] HTTP OPTIONS /api/modules responded 204 in 0.0201 ms
[19:48:15 INF] HTTP OPTIONS /api/dashboard responded 204 in 0.0088 ms
[19:48:15 INF] HTTP OPTIONS /api/modules responded 204 in 0.0105 ms
[19:48:15 INF] HTTP OPTIONS /api/diagnostics responded 204 in 0.0139 ms
[19:48:15 INF] HTTP OPTIONS /api/modules responded 204 in 0.0338 ms
[19:48:15 INF] HTTP OPTIONS /api/dashboard responded 204 in 0.0324 ms
[19:48:15 INF] HTTP OPTIONS /api/modules responded 204 in 0.0080 ms
[19:48:21 INF] HTTP OPTIONS /api/diagnostics responded 204 in 0.0277 ms
[19:48:21 INF] HTTP OPTIONS /api/modules responded 204 in 0.0166 ms
[19:48:21 INF] HTTP OPTIONS /api/dashboard responded 204 in 0.0117 ms
[19:48:21 INF] HTTP OPTIONS /api/modules responded 204 in 0.0063 ms
[19:48:21 INF] HTTP OPTIONS /api/diagnostics responded 204 in 0.0236 ms
[19:48:21 INF] HTTP OPTIONS /api/modules responded 204 in 0.0135 ms
[19:48:21 INF] HTTP OPTIONS /api/dashboard responded 204 in 0.0069 ms
[19:48:21 INF] HTTP OPTIONS /api/modules responded 204 in 0.0269 ms
[19:48:21 INF] HTTP OPTIONS /api/diagnostics responded 204 in 0.0150 ms
[19:48:21 INF] HTTP OPTIONS /api/modules responded 204 in 0.0280 ms
[19:48:21 INF] HTTP OPTIONS /api/dashboard responded 204 in 0.0128 ms
[19:48:21 INF] HTTP OPTIONS /api/modules responded 204 in 0.0072 ms
[19:48:24 INF] HTTP OPTIONS /api/diagnostics responded 204 in 0.0229 ms
[19:48:24 INF] HTTP OPTIONS /api/modules responded 204 in 0.0476 ms
[19:48:24 INF] HTTP OPTIONS /api/dashboard responded 204 in 0.0069 ms
[19:48:24 INF] HTTP OPTIONS /api/modules responded 204 in 0.0066 ms
[19:49:04 INF] HTTP OPTIONS /api/dashboard responded 204 in 0.0078 ms
[19:49:04 INF] HTTP OPTIONS /api/modules responded 204 in 0.0070 ms
[19:49:04 INF] HTTP OPTIONS /api/diagnostics responded 204 in 0.0252 ms
[19:49:04 INF] HTTP OPTIONS /api/modules responded 204 in 0.0062 ms
[19:49:04 INF] HTTP OPTIONS /api/diagnostics responded 204 in 0.0049 ms
[19:49:04 INF] HTTP OPTIONS /api/modules responded 204 in 0.0188 ms
[19:49:04 INF] HTTP OPTIONS /api/dashboard responded 204 in 0.0306 ms
[19:49:04 INF] HTTP OPTIONS /api/modules responded 204 in 0.0498 ms
[19:49:40 INF] HTTP OPTIONS /api/diagnostics responded 204 in 0.0380 ms
[19:49:40 INF] HTTP OPTIONS /api/modules responded 204 in 0.0069 ms
[19:49:40 INF] HTTP OPTIONS /api/dashboard responded 204 in 0.0359 ms
[19:49:40 INF] HTTP OPTIONS /api/modules responded 204 in 0.0391 ms
[19:49:41 INF] HTTP OPTIONS /api/diagnostics responded 204 in 0.0164 ms
[19:49:41 INF] HTTP OPTIONS /api/modules responded 204 in 0.0083 ms
[19:49:41 INF] HTTP OPTIONS /api/modules responded 204 in 0.0195 ms
[19:49:41 INF] HTTP OPTIONS /api/dashboard responded 204 in 0.0154 ms
[19:49:55 INF] HTTP OPTIONS /api/diagnostics responded 204 in 0.0234 ms
[19:49:55 INF] HTTP OPTIONS /api/modules responded 204 in 0.0107 ms
[19:49:55 INF] HTTP OPTIONS /api/dashboard responded 204 in 0.0160 ms
[19:49:55 INF] HTTP OPTIONS /api/modules responded 204 in 0.0084 ms
[19:49:55 INF] HTTP OPTIONS /api/events responded 204 in 0.0163 ms
[19:49:55 INF] HTTP OPTIONS /api/modules responded 204 in 0.0052 ms
[19:49:56 INF] HTTP OPTIONS /api/diagnostics responded 204 in 0.0158 ms
[19:49:56 INF] HTTP OPTIONS /api/modules responded 204 in 0.0067 ms
[19:49:56 INF] HTTP OPTIONS /api/dashboard responded 204 in 0.0177 ms
[19:49:56 INF] HTTP OPTIONS /api/modules responded 204 in 0.0085 ms
[19:49:57 INF] HTTP OPTIONS /api/approvals responded 204 in 0.0159 ms
[19:49:57 INF] HTTP OPTIONS /api/events responded 204 in 0.0059 ms
[19:49:57 INF] HTTP OPTIONS /api/actions responded 204 in 0.0054 ms
[19:49:58 INF] HTTP OPTIONS /api/actions responded 204 in 0.0163 ms
[19:49:58 INF] HTTP OPTIONS /api/events responded 204 in 0.0084 ms
[19:49:58 INF] HTTP OPTIONS /api/modules responded 204 in 0.0092 ms
[19:49:59 INF] HTTP OPTIONS /api/actions responded 204 in 0.0171 ms
[19:49:59 INF] HTTP OPTIONS /api/modules responded 204 in 0.0108 ms
[19:49:59 INF] HTTP OPTIONS /api/audit responded 204 in 0.0169 ms
[19:50:00 INF] HTTP OPTIONS /api/logs responded 204 in 0.0149 ms
[19:50:00 INF] HTTP OPTIONS /api/notifications responded 204 in 0.0224 ms
[19:50:01 INF] HTTP OPTIONS /api/logs responded 204 in 0.0201 ms
[19:50:05 INF] HTTP OPTIONS /api/notifications responded 204 in 0.0153 ms
[19:50:06 INF] HTTP OPTIONS /api/users responded 204 in 0.0170 ms
[19:50:06 INF] HTTP OPTIONS /api/roles responded 204 in 0.0068 ms
[19:50:12 INF] HTTP OPTIONS /api/diagnostics responded 204 in 0.0248 ms
[19:50:32 INF] HTTP OPTIONS /api/diagnostics responded 204 in 0.0154 ms
[19:50:32 INF] HTTP OPTIONS /api/diagnostics responded 204 in 0.0119 ms
[19:50:32 INF] HTTP OPTIONS /api/modules responded 204 in 0.0053 ms
[19:50:33 INF] HTTP OPTIONS /api/diagnostics responded 204 in 0.0192 ms
[19:50:33 INF] HTTP OPTIONS /api/modules responded 204 in 0.0056 ms
[19:50:33 INF] HTTP OPTIONS /api/dashboard responded 204 in 0.0183 ms
[19:50:33 INF] HTTP OPTIONS /api/modules responded 204 in 0.0152 ms
[19:51:17 INF] HTTP OPTIONS /api/diagnostics responded 204 in 0.0293 ms
[19:51:17 INF] HTTP OPTIONS /api/modules responded 204 in 0.0176 ms
[19:51:17 INF] HTTP OPTIONS /api/dashboard responded 204 in 0.0064 ms
[19:51:17 INF] HTTP OPTIONS /api/modules responded 204 in 0.0076 ms
[19:51:20 INF] HTTP OPTIONS /api/diagnostics responded 204 in 0.0203 ms
[19:51:20 INF] HTTP OPTIONS /api/modules responded 204 in 0.0120 ms
[19:51:20 INF] HTTP OPTIONS /api/dashboard responded 204 in 0.0068 ms
[19:51:20 INF] HTTP OPTIONS /api/modules responded 204 in 0.0095 ms
[19:51:20 INF] HTTP OPTIONS /api/diagnostics responded 204 in 0.0217 ms
[19:51:20 INF] HTTP OPTIONS /api/diagnostics responded 204 in 0.0119 ms
[19:51:20 INF] HTTP OPTIONS /api/modules responded 204 in 0.0163 ms
[19:51:22 INF] HTTP OPTIONS /api/dashboard responded 204 in 0.0154 ms
[19:51:22 INF] HTTP OPTIONS /api/modules responded 204 in 0.0068 ms
[19:51:27 INF] HTTP OPTIONS /api/diagnostics responded 204 in 0.0258 ms
[19:51:27 INF] HTTP OPTIONS /api/modules responded 204 in 0.0152 ms
[19:51:27 INF] HTTP OPTIONS /api/dashboard responded 204 in 0.0262 ms
[19:51:27 INF] HTTP OPTIONS /api/modules responded 204 in 0.0064 ms
[19:51:49 INF] HTTP OPTIONS /api/diagnostics responded 204 in 0.0276 ms
[19:51:49 INF] HTTP OPTIONS /api/modules responded 204 in 0.0061 ms
[19:51:49 INF] HTTP OPTIONS /api/dashboard responded 204 in 0.0063 ms
[19:51:49 INF] HTTP OPTIONS /api/modules responded 204 in 0.0047 ms
[19:51:58 INF] HTTP OPTIONS /api/diagnostics responded 204 in 0.0250 ms
[19:51:58 INF] HTTP OPTIONS /api/diagnostics responded 204 in 0.0297 ms
[19:51:58 INF] HTTP OPTIONS /api/modules responded 204 in 0.0135 ms
[19:51:58 INF] HTTP OPTIONS /api/modules responded 204 in 0.0103 ms
[19:51:58 INF] HTTP OPTIONS /api/dashboard responded 204 in 0.0073 ms
[19:51:58 INF] HTTP OPTIONS /api/dashboard responded 204 in 0.0145 ms
[19:51:58 INF] HTTP OPTIONS /api/modules responded 204 in 0.0091 ms
[19:51:58 INF] HTTP OPTIONS /api/modules responded 204 in 0.0204 ms
[19:52:00 INF] HTTP OPTIONS /api/diagnostics responded 204 in 0.0281 ms
[19:52:00 INF] HTTP OPTIONS /api/modules responded 204 in 0.0143 ms
[19:52:00 INF] HTTP OPTIONS /api/dashboard responded 204 in 0.0243 ms
[19:52:00 INF] HTTP OPTIONS /api/modules responded 204 in 0.0225 ms
[19:52:07 INF] HTTP OPTIONS /api/modules responded 204 in 0.0285 ms
[19:52:07 INF] HTTP OPTIONS /api/diagnostics responded 204 in 0.0177 ms
[19:52:07 INF] HTTP OPTIONS /api/modules responded 204 in 0.0148 ms
[19:52:07 INF] HTTP OPTIONS /api/dashboard responded 204 in 0.0148 ms
[19:52:46 INF] HTTP OPTIONS /api/diagnostics responded 204 in 0.0273 ms
[19:52:46 INF] HTTP OPTIONS /api/modules responded 204 in 0.0140 ms
[19:52:46 INF] HTTP OPTIONS /api/modules responded 204 in 0.0166 ms
[19:52:46 INF] HTTP OPTIONS /api/dashboard responded 204 in 0.0202 ms
[19:52:47 INF] HTTP OPTIONS /api/diagnostics responded 204 in 0.0214 ms
[19:52:47 INF] HTTP OPTIONS /api/modules responded 204 in 0.0184 ms
[19:52:47 INF] HTTP OPTIONS /api/dashboard responded 204 in 0.0288 ms
[19:52:47 INF] HTTP OPTIONS /api/modules responded 204 in 0.0392 ms
[19:53:26 INF] HTTP OPTIONS /api/diagnostics responded 204 in 0.0291 ms
[19:53:26 INF] HTTP OPTIONS /api/dashboard responded 204 in 0.0077 ms
[19:53:26 INF] HTTP OPTIONS /api/modules responded 204 in 0.0081 ms
[19:53:26 INF] HTTP OPTIONS /api/modules responded 204 in 0.0066 ms
[19:53:26 INF] HTTP OPTIONS /api/diagnostics responded 204 in 0.0221 ms
[19:53:26 INF] HTTP OPTIONS /api/modules responded 204 in 0.0162 ms
[19:53:26 INF] HTTP OPTIONS /api/dashboard responded 204 in 0.0189 ms
[19:53:26 INF] HTTP OPTIONS /api/modules responded 204 in 0.0117 ms
[19:53:35 INF] HTTP OPTIONS /api/diagnostics responded 204 in 0.0266 ms
[19:53:35 INF] HTTP OPTIONS /api/modules responded 204 in 0.0363 ms
[19:53:35 INF] HTTP OPTIONS /api/dashboard responded 204 in 0.0266 ms
[19:53:35 INF] HTTP OPTIONS /api/modules responded 204 in 0.0637 ms
[19:53:36 INF] HTTP OPTIONS /api/diagnostics responded 204 in 0.0217 ms
[19:53:36 INF] HTTP OPTIONS /api/modules responded 204 in 0.0280 ms
[19:53:36 INF] HTTP OPTIONS /api/dashboard responded 204 in 0.0079 ms
[19:53:36 INF] HTTP OPTIONS /api/modules responded 204 in 0.0273 ms
[19:54:17 INF] HTTP OPTIONS /api/dashboard responded 204 in 0.0244 ms
[19:54:17 INF] HTTP OPTIONS /api/modules responded 204 in 0.0056 ms
[19:54:17 INF] HTTP OPTIONS /api/modules responded 204 in 0.0078 ms
[19:54:31 INF] HTTP OPTIONS /api/diagnostics responded 204 in 0.0185 ms
[19:54:31 INF] HTTP OPTIONS /api/modules responded 204 in 0.0139 ms
[19:54:31 INF] HTTP OPTIONS /api/dashboard responded 204 in 0.0072 ms
[19:54:31 INF] HTTP OPTIONS /api/modules responded 204 in 0.0044 ms
[19:54:40 INF] HTTP OPTIONS /api/diagnostics responded 204 in 0.0312 ms
[19:54:40 INF] HTTP OPTIONS /api/modules responded 204 in 0.0240 ms
[19:54:40 INF] HTTP OPTIONS /api/dashboard responded 204 in 0.0137 ms
[19:54:40 INF] HTTP OPTIONS /api/modules responded 204 in 0.0132 ms
[19:54:40 INF] HTTP OPTIONS /api/diagnostics responded 204 in 0.0106 ms
[19:54:40 INF] HTTP OPTIONS /api/modules responded 204 in 0.0226 ms
[19:54:40 INF] HTTP OPTIONS /api/dashboard responded 204 in 0.0146 ms
[19:54:40 INF] HTTP OPTIONS /api/modules responded 204 in 0.0111 ms
[19:54:43 INF] HTTP OPTIONS /api/diagnostics responded 204 in 0.0282 ms
[19:54:43 INF] HTTP OPTIONS /api/modules responded 204 in 0.0194 ms
[19:54:43 INF] HTTP OPTIONS /api/dashboard responded 204 in 0.0068 ms
[19:54:43 INF] HTTP OPTIONS /api/modules responded 204 in 0.0112 ms
[19:54:55 INF] HTTP OPTIONS /api/diagnostics responded 204 in 0.0545 ms
[19:54:55 INF] HTTP OPTIONS /api/dashboard responded 204 in 0.0200 ms
[19:54:55 INF] HTTP OPTIONS /api/modules responded 204 in 0.0093 ms
[19:54:55 INF] HTTP OPTIONS /api/diagnostics responded 204 in 0.0504 ms
[19:54:55 INF] HTTP OPTIONS /api/modules responded 204 in 0.0260 ms
[19:54:55 INF] HTTP OPTIONS /api/dashboard responded 204 in 0.0209 ms
[19:54:55 INF] HTTP OPTIONS /api/modules responded 204 in 0.0303 ms
[19:54:55 INF] HTTP OPTIONS /api/modules responded 204 in 0.0338 ms
[19:54:57 INF] HTTP OPTIONS /api/diagnostics responded 204 in 0.0244 ms
[19:54:57 INF] HTTP OPTIONS /api/modules responded 204 in 0.0192 ms
[19:54:57 INF] HTTP OPTIONS /api/dashboard responded 204 in 0.0063 ms
[19:54:57 INF] HTTP OPTIONS /api/modules responded 204 in 0.0035 ms
[19:55:08 INF] HTTP OPTIONS /api/diagnostics responded 204 in 0.0402 ms
[19:55:08 INF] HTTP OPTIONS /api/modules responded 204 in 0.0480 ms
[19:55:08 INF] HTTP OPTIONS /api/dashboard responded 204 in 0.0380 ms
[19:55:08 INF] HTTP OPTIONS /api/modules responded 204 in 0.0197 ms
[19:55:08 INF] HTTP OPTIONS /api/diagnostics responded 204 in 0.0306 ms
[19:55:08 INF] HTTP OPTIONS /api/modules responded 204 in 0.0130 ms
[19:55:08 INF] HTTP OPTIONS /api/dashboard responded 204 in 0.0220 ms
[19:55:08 INF] HTTP OPTIONS /api/modules responded 204 in 0.0249 ms
[19:55:15 INF] HTTP OPTIONS /api/diagnostics responded 204 in 0.0401 ms
[19:55:15 INF] HTTP OPTIONS /api/modules responded 204 in 0.0143 ms
[19:55:15 INF] HTTP OPTIONS /api/dashboard responded 204 in 0.0095 ms
[19:55:15 INF] HTTP OPTIONS /api/modules responded 204 in 0.0351 ms
[19:57:38 INF] HTTP OPTIONS /api/modules responded 204 in 0.0286 ms
[19:57:38 INF] HTTP OPTIONS /api/diagnostics responded 204 in 0.7908 ms
[19:57:38 INF] HTTP OPTIONS /api/dashboard responded 204 in 0.0292 ms
[19:57:38 INF] HTTP OPTIONS /api/modules responded 204 in 0.1770 ms
[19:57:39 INF] HTTP OPTIONS /api/diagnostics responded 204 in 0.0248 ms
[19:57:39 INF] HTTP OPTIONS /api/modules responded 204 in 0.0192 ms
[19:57:39 INF] HTTP OPTIONS /api/dashboard responded 204 in 0.0252 ms
[19:57:39 INF] HTTP OPTIONS /api/modules responded 204 in 0.0134 ms
[19:58:26 INF] HTTP OPTIONS /api/diagnostics responded 204 in 0.0678 ms
[19:58:26 INF] HTTP OPTIONS /api/modules responded 204 in 0.0202 ms
[19:58:26 INF] HTTP OPTIONS /api/modules responded 204 in 0.0219 ms
[19:58:26 INF] HTTP OPTIONS /api/dashboard responded 204 in 0.0171 ms
[19:58:26 INF] HTTP OPTIONS /api/diagnostics responded 204 in 0.0198 ms
[19:58:26 INF] HTTP OPTIONS /api/modules responded 204 in 0.0179 ms
[19:58:26 INF] HTTP OPTIONS /api/dashboard responded 204 in 0.0254 ms
[19:58:26 INF] HTTP OPTIONS /api/modules responded 204 in 0.0101 ms
[19:58:44 INF] HTTP OPTIONS /api/diagnostics responded 204 in 0.0236 ms
[19:58:44 INF] HTTP OPTIONS /api/modules responded 204 in 0.0096 ms
[19:58:44 INF] HTTP OPTIONS /api/dashboard responded 204 in 0.0200 ms
[19:58:44 INF] HTTP OPTIONS /api/modules responded 204 in 0.0145 ms
[19:58:45 INF] HTTP OPTIONS /api/diagnostics responded 204 in 0.0235 ms
[19:58:45 INF] HTTP OPTIONS /api/modules responded 204 in 0.0096 ms
[19:58:45 INF] HTTP OPTIONS /api/dashboard responded 204 in 0.0254 ms
[19:58:45 INF] HTTP OPTIONS /api/modules responded 204 in 0.0129 ms
[19:59:06 INF] HTTP OPTIONS /api/diagnostics responded 204 in 0.0244 ms
[19:59:06 INF] HTTP OPTIONS /api/modules responded 204 in 0.0155 ms
[19:59:06 INF] HTTP OPTIONS /api/dashboard responded 204 in 0.0239 ms
[19:59:06 INF] HTTP OPTIONS /api/modules responded 204 in 0.0198 ms
[19:59:07 INF] HTTP OPTIONS /api/diagnostics responded 204 in 0.0185 ms
[19:59:07 INF] HTTP OPTIONS /api/modules responded 204 in 0.0099 ms
[19:59:07 INF] HTTP OPTIONS /api/dashboard responded 204 in 0.0306 ms
[19:59:07 INF] HTTP OPTIONS /api/modules responded 204 in 0.0157 ms
[19:59:26 INF] HTTP OPTIONS /api/diagnostics responded 204 in 0.0234 ms
[19:59:26 INF] HTTP OPTIONS /api/modules responded 204 in 0.1140 ms
[19:59:26 INF] HTTP OPTIONS /api/dashboard responded 204 in 0.0250 ms
[19:59:26 INF] HTTP OPTIONS /api/modules responded 204 in 0.0153 ms
[19:59:26 INF] HTTP OPTIONS /api/diagnostics responded 204 in 0.0573 ms
[19:59:26 INF] HTTP OPTIONS /api/modules responded 204 in 0.0179 ms
[19:59:26 INF] HTTP OPTIONS /api/dashboard responded 204 in 0.0256 ms
[19:59:26 INF] HTTP OPTIONS /api/modules responded 204 in 0.0105 ms
[20:00:14 INF] HTTP OPTIONS /api/diagnostics responded 204 in 0.0218 ms
[20:00:14 INF] HTTP OPTIONS /api/modules responded 204 in 0.0076 ms
[20:00:14 INF] HTTP OPTIONS /api/dashboard responded 204 in 0.0343 ms
[20:00:14 INF] HTTP OPTIONS /api/modules responded 204 in 0.0296 ms
[20:00:14 INF] HTTP OPTIONS /api/diagnostics responded 204 in 0.0221 ms
[20:00:14 INF] HTTP OPTIONS /api/modules responded 204 in 0.0117 ms
[20:00:14 INF] HTTP OPTIONS /api/dashboard responded 204 in 0.0418 ms
[20:00:14 INF] HTTP OPTIONS /api/modules responded 204 in 0.0296 ms
[20:00:54 INF] HTTP OPTIONS /api/diagnostics responded 204 in 0.0423 ms
[20:00:54 INF] HTTP OPTIONS /api/modules responded 204 in 0.0085 ms
[20:00:54 INF] HTTP OPTIONS /api/dashboard responded 204 in 0.0080 ms
[20:00:54 INF] HTTP OPTIONS /api/modules responded 204 in 0.0090 ms
[20:00:54 INF] HTTP OPTIONS /api/diagnostics responded 204 in 0.0241 ms
[20:00:54 INF] HTTP OPTIONS /api/modules responded 204 in 0.0104 ms
[20:00:54 INF] HTTP OPTIONS /api/dashboard responded 204 in 0.0222 ms
[20:00:54 INF] HTTP OPTIONS /api/modules responded 204 in 0.0123 ms
[20:01:19 INF] HTTP OPTIONS /api/events responded 204 in 0.0221 ms
[20:01:19 INF] HTTP OPTIONS /api/modules responded 204 in 0.0082 ms
[20:01:20 INF] HTTP OPTIONS /api/dashboard responded 204 in 0.0213 ms
[20:01:20 INF] HTTP OPTIONS /api/modules responded 204 in 0.0126 ms
[20:01:21 INF] HTTP OPTIONS /api/actions responded 204 in 0.0343 ms
[20:01:21 INF] HTTP OPTIONS /api/events responded 204 in 0.0355 ms
[20:01:21 INF] HTTP OPTIONS /api/modules responded 204 in 0.0273 ms
[20:04:07 INF] HTTP OPTIONS /api/diagnostics responded 204 in 0.0268 ms
[20:04:07 INF] HTTP OPTIONS /api/modules responded 204 in 0.0255 ms
[20:04:07 INF] HTTP OPTIONS /api/modules responded 204 in 0.0128 ms
[20:04:07 INF] HTTP OPTIONS /api/actions responded 204 in 0.0136 ms
[20:04:07 INF] HTTP OPTIONS /api/events responded 204 in 0.0466 ms
[20:04:07 INF] HTTP OPTIONS /api/diagnostics responded 204 in 0.0196 ms
[20:04:07 INF] HTTP OPTIONS /api/modules responded 204 in 0.0216 ms
[20:04:07 INF] HTTP OPTIONS /api/dashboard responded 204 in 0.0064 ms
[20:04:07 INF] HTTP OPTIONS /api/modules responded 204 in 0.0090 ms
[20:04:12 INF] HTTP OPTIONS /api/events responded 204 in 0.0276 ms
[20:04:12 INF] HTTP OPTIONS /api/modules responded 204 in 0.0066 ms
[20:04:15 INF] HTTP OPTIONS /api/dashboard responded 204 in 0.0178 ms
[20:04:15 INF] HTTP OPTIONS /api/modules responded 204 in 0.0099 ms
[20:04:15 INF] HTTP OPTIONS /api/events responded 204 in 0.0180 ms
[20:04:15 INF] HTTP OPTIONS /api/modules responded 204 in 0.0130 ms
[20:04:16 INF] HTTP OPTIONS /api/approvals responded 204 in 0.0331 ms
[20:04:16 INF] HTTP OPTIONS /api/events responded 204 in 0.0110 ms
[20:04:16 INF] HTTP OPTIONS /api/actions responded 204 in 0.0074 ms
[20:04:17 INF] HTTP OPTIONS /api/actions responded 204 in 0.0191 ms
[20:04:17 INF] HTTP OPTIONS /api/events responded 204 in 0.0141 ms
[20:04:17 INF] HTTP OPTIONS /api/modules responded 204 in 0.0068 ms
[20:04:17 INF] HTTP OPTIONS /api/actions responded 204 in 0.0188 ms
[20:04:17 INF] HTTP OPTIONS /api/modules responded 204 in 0.0117 ms
[20:04:18 INF] HTTP OPTIONS /api/dashboard responded 204 in 0.0276 ms
[20:04:18 INF] HTTP OPTIONS /api/modules responded 204 in 0.0081 ms
[20:04:32 INF] HTTP OPTIONS /api/diagnostics responded 204 in 0.0310 ms
[20:04:32 INF] HTTP OPTIONS /api/modules responded 204 in 0.0282 ms
[20:04:32 INF] HTTP OPTIONS /api/modules responded 204 in 0.0112 ms
[20:04:32 INF] HTTP OPTIONS /api/actions responded 204 in 0.0093 ms
[20:04:32 INF] HTTP OPTIONS /api/events responded 204 in 0.0215 ms
[20:04:41 INF] HTTP OPTIONS /api/diagnostics responded 204 in 0.0207 ms
[20:04:41 INF] HTTP OPTIONS /api/modules responded 204 in 0.0194 ms
[20:04:41 INF] HTTP OPTIONS /api/modules responded 204 in 0.0099 ms
[20:04:41 INF] HTTP OPTIONS /api/actions responded 204 in 0.0127 ms
[20:04:41 INF] HTTP OPTIONS /api/events responded 204 in 0.0200 ms
[20:04:41 INF] HTTP OPTIONS /api/diagnostics responded 204 in 0.0148 ms
[20:04:41 INF] HTTP OPTIONS /api/modules responded 204 in 0.0299 ms
[20:04:41 INF] HTTP OPTIONS /api/dashboard responded 204 in 0.0277 ms
[20:04:41 INF] HTTP OPTIONS /api/modules responded 204 in 0.0137 ms
[20:04:57 INF] HTTP OPTIONS /api/diagnostics responded 204 in 0.0195 ms
[20:04:57 INF] HTTP OPTIONS /api/modules responded 204 in 0.0146 ms
[20:04:57 INF] HTTP OPTIONS /api/modules responded 204 in 0.0084 ms
[20:04:57 INF] HTTP OPTIONS /api/actions responded 204 in 0.0087 ms
[20:04:57 INF] HTTP OPTIONS /api/events responded 204 in 0.1198 ms
[20:05:22 INF] HTTP OPTIONS /api/diagnostics responded 204 in 0.0331 ms
[20:05:22 INF] HTTP OPTIONS /api/modules responded 204 in 0.0176 ms
[20:05:22 INF] HTTP OPTIONS /api/actions responded 204 in 0.0043 ms
[20:05:22 INF] HTTP OPTIONS /api/modules responded 204 in 0.0078 ms
[20:05:22 INF] HTTP OPTIONS /api/diagnostics responded 204 in 0.0254 ms
[20:05:22 INF] HTTP OPTIONS /api/events responded 204 in 0.0214 ms
[20:05:22 INF] HTTP OPTIONS /api/modules responded 204 in 0.0206 ms
[20:05:22 INF] HTTP OPTIONS /api/dashboard responded 204 in 0.0224 ms
[20:05:22 INF] HTTP OPTIONS /api/modules responded 204 in 0.0082 ms
[20:05:32 INF] HTTP OPTIONS /api/diagnostics responded 204 in 0.0277 ms
[20:05:32 INF] HTTP OPTIONS /api/modules responded 204 in 0.0138 ms
[20:05:32 INF] HTTP OPTIONS /api/actions responded 204 in 0.0060 ms
[20:05:32 INF] HTTP OPTIONS /api/modules responded 204 in 0.0066 ms
[20:05:32 INF] HTTP OPTIONS /api/events responded 204 in 0.0334 ms
[20:05:41 INF] HTTP OPTIONS /api/diagnostics responded 204 in 0.0243 ms
[20:05:41 INF] HTTP OPTIONS /api/modules responded 204 in 0.0326 ms
[20:05:41 INF] HTTP OPTIONS /api/modules responded 204 in 0.0451 ms
[20:05:41 INF] HTTP OPTIONS /api/actions responded 204 in 0.0342 ms
[20:05:41 INF] HTTP OPTIONS /api/events responded 204 in 0.0318 ms
[20:05:41 INF] HTTP OPTIONS /api/diagnostics responded 204 in 0.0205 ms
[20:05:41 INF] HTTP OPTIONS /api/modules responded 204 in 0.0378 ms
[20:05:41 INF] HTTP OPTIONS /api/dashboard responded 204 in 0.0085 ms
[20:05:41 INF] HTTP OPTIONS /api/modules responded 204 in 0.1199 ms
[20:05:43 INF] HTTP OPTIONS /api/diagnostics responded 204 in 0.0213 ms
[20:05:43 INF] HTTP OPTIONS /api/modules responded 204 in 0.0109 ms
[20:05:43 INF] HTTP OPTIONS /api/modules responded 204 in 0.0339 ms
[20:05:43 INF] HTTP OPTIONS /api/events responded 204 in 0.0246 ms
[20:05:43 INF] HTTP OPTIONS /api/actions responded 204 in 0.0717 ms
[20:06:02 INF] HTTP OPTIONS /api/diagnostics responded 204 in 0.0464 ms
[20:06:02 INF] HTTP OPTIONS /api/modules responded 204 in 0.0244 ms
[20:06:02 INF] HTTP OPTIONS /api/modules responded 204 in 0.0066 ms
[20:06:02 INF] HTTP OPTIONS /api/actions responded 204 in 0.0061 ms
[20:06:02 INF] HTTP OPTIONS /api/events responded 204 in 0.0226 ms
[20:06:03 INF] HTTP OPTIONS /api/diagnostics responded 204 in 0.0192 ms
[20:06:03 INF] HTTP OPTIONS /api/modules responded 204 in 0.0089 ms
[20:06:03 INF] HTTP OPTIONS /api/modules responded 204 in 0.0145 ms
[20:06:03 INF] HTTP OPTIONS /api/actions responded 204 in 0.0068 ms
[20:06:03 INF] HTTP OPTIONS /api/events responded 204 in 0.0073 ms
[20:07:00 INF] HTTP OPTIONS /api/diagnostics responded 204 in 0.0244 ms
[20:07:00 INF] HTTP OPTIONS /api/modules responded 204 in 0.0205 ms
[20:07:00 INF] HTTP OPTIONS /api/events responded 204 in 0.0206 ms
[20:07:00 INF] HTTP OPTIONS /api/actions responded 204 in 0.0206 ms
[20:07:00 INF] HTTP OPTIONS /api/modules responded 204 in 0.0077 ms
[20:07:09 INF] HTTP OPTIONS /api/diagnostics responded 204 in 0.0242 ms
[20:07:09 INF] HTTP OPTIONS /api/modules responded 204 in 0.0099 ms
[20:07:09 INF] HTTP OPTIONS /api/actions responded 204 in 0.0255 ms
[20:07:09 INF] HTTP OPTIONS /api/events responded 204 in 0.0141 ms
[20:07:09 INF] HTTP OPTIONS /api/modules responded 204 in 0.0076 ms
[20:07:19 INF] HTTP OPTIONS /api/diagnostics responded 204 in 0.0324 ms
[20:07:19 INF] HTTP OPTIONS /api/modules responded 204 in 0.0111 ms
[20:07:19 INF] HTTP OPTIONS /api/actions responded 204 in 0.0227 ms
[20:07:19 INF] HTTP OPTIONS /api/events responded 204 in 0.0304 ms
[20:07:19 INF] HTTP OPTIONS /api/modules responded 204 in 0.0232 ms
[20:07:24 INF] HTTP OPTIONS /api/diagnostics responded 204 in 0.0215 ms
[20:07:24 INF] HTTP OPTIONS /api/modules responded 204 in 0.0117 ms
[20:07:24 INF] HTTP OPTIONS /api/actions responded 204 in 0.0152 ms
[20:07:24 INF] HTTP OPTIONS /api/events responded 204 in 0.0161 ms
[20:07:24 INF] HTTP OPTIONS /api/modules responded 204 in 0.0103 ms
[20:07:55 INF] HTTP OPTIONS /api/diagnostics responded 204 in 0.0243 ms
[20:07:55 INF] HTTP OPTIONS /api/modules responded 204 in 0.0085 ms
[20:07:55 INF] HTTP OPTIONS /api/actions responded 204 in 0.0184 ms
[20:07:55 INF] HTTP OPTIONS /api/events responded 204 in 0.0100 ms
[20:07:55 INF] HTTP OPTIONS /api/modules responded 204 in 0.0094 ms
[20:08:22 INF] HTTP OPTIONS /api/actions responded 204 in 0.0252 ms
[20:08:22 INF] HTTP OPTIONS /api/diagnostics responded 204 in 0.0300 ms
[20:08:22 INF] HTTP OPTIONS /api/modules responded 204 in 0.0076 ms
[20:08:22 INF] HTTP OPTIONS /api/events responded 204 in 0.0107 ms
[20:08:22 INF] HTTP OPTIONS /api/modules responded 204 in 0.0086 ms
[20:08:35 INF] HTTP OPTIONS /api/diagnostics responded 204 in 0.0223 ms
[20:08:35 INF] HTTP OPTIONS /api/modules responded 204 in 0.0085 ms
[20:08:35 INF] HTTP OPTIONS /api/actions responded 204 in 0.0086 ms
[20:08:35 INF] HTTP OPTIONS /api/events responded 204 in 0.0093 ms
[20:08:35 INF] HTTP OPTIONS /api/modules responded 204 in 0.0082 ms
[20:10:07 INF] HTTP OPTIONS /api/diagnostics responded 204 in 0.0342 ms
[20:10:07 INF] HTTP OPTIONS /api/modules responded 204 in 0.0054 ms
[20:10:07 INF] HTTP OPTIONS /api/modules responded 204 in 0.0071 ms
[20:10:07 INF] HTTP OPTIONS /api/actions responded 204 in 0.0073 ms
[20:10:07 INF] HTTP OPTIONS /api/events responded 204 in 0.0248 ms
[20:10:07 INF] HTTP OPTIONS /api/diagnostics responded 204 in 0.0209 ms
[20:10:07 INF] HTTP OPTIONS /api/modules responded 204 in 0.0077 ms
[20:10:07 INF] HTTP OPTIONS /api/dashboard responded 204 in 0.0226 ms
[20:10:07 INF] HTTP OPTIONS /api/modules responded 204 in 0.0085 ms
[20:10:36 INF] HTTP OPTIONS /api/diagnostics responded 204 in 0.0229 ms
[20:10:36 INF] HTTP OPTIONS /api/modules responded 204 in 0.0455 ms
[20:10:36 INF] HTTP OPTIONS /api/dashboard responded 204 in 0.0197 ms
[20:10:36 INF] HTTP OPTIONS /api/modules responded 204 in 0.0142 ms
[20:10:39 INF] HTTP OPTIONS /api/diagnostics responded 204 in 0.0148 ms
[20:10:39 INF] HTTP OPTIONS /api/modules responded 204 in 0.0177 ms
[20:10:39 INF] HTTP OPTIONS /api/users responded 204 in 0.0480 ms
[20:10:39 INF] HTTP OPTIONS /api/roles responded 204 in 0.0530 ms
[20:10:39 INF] HTTP OPTIONS /api/diagnostics responded 204 in 0.0252 ms
[20:10:39 INF] HTTP OPTIONS /api/modules responded 204 in 0.0141 ms
[20:10:39 INF] HTTP OPTIONS /api/users responded 204 in 0.0166 ms
[20:10:39 INF] HTTP OPTIONS /api/roles responded 204 in 0.0124 ms
[20:10:39 INF] HTTP OPTIONS /api/diagnostics responded 204 in 0.0238 ms
[20:10:39 INF] HTTP OPTIONS /api/modules responded 204 in 0.0074 ms
[20:10:39 INF] HTTP OPTIONS /api/users responded 204 in 0.0107 ms
[20:10:39 INF] HTTP OPTIONS /api/roles responded 204 in 0.0061 ms
[20:10:39 INF] HTTP OPTIONS /api/diagnostics responded 204 in 0.0243 ms
[20:10:39 INF] HTTP OPTIONS /api/modules responded 204 in 0.0083 ms
[20:10:39 INF] HTTP OPTIONS /api/users responded 204 in 0.0123 ms
[20:10:39 INF] HTTP OPTIONS /api/roles responded 204 in 0.0107 ms
[20:10:39 INF] HTTP OPTIONS /api/diagnostics responded 204 in 0.0230 ms
[20:10:39 INF] HTTP OPTIONS /api/modules responded 204 in 0.0141 ms
[20:10:39 INF] HTTP OPTIONS /api/users responded 204 in 0.0084 ms
[20:10:39 INF] HTTP OPTIONS /api/roles responded 204 in 0.0475 ms
[20:10:39 INF] HTTP OPTIONS /api/diagnostics responded 204 in 0.0229 ms
[20:10:39 INF] HTTP OPTIONS /api/modules responded 204 in 0.0097 ms
[20:10:39 INF] HTTP OPTIONS /api/users responded 204 in 0.0121 ms
[20:10:39 INF] HTTP OPTIONS /api/roles responded 204 in 0.0114 ms
[20:10:39 INF] HTTP OPTIONS /api/diagnostics responded 204 in 0.0225 ms
[20:10:39 INF] HTTP OPTIONS /api/modules responded 204 in 0.0164 ms
[20:10:39 INF] HTTP OPTIONS /api/users responded 204 in 0.0084 ms
[20:10:39 INF] HTTP OPTIONS /api/roles responded 204 in 0.0334 ms
[20:10:39 INF] HTTP OPTIONS /api/diagnostics responded 204 in 0.0197 ms
[20:10:39 INF] HTTP OPTIONS /api/modules responded 204 in 0.0122 ms
[20:10:39 INF] HTTP OPTIONS /api/users responded 204 in 0.0181 ms
[20:10:39 INF] HTTP OPTIONS /api/roles responded 204 in 0.0112 ms
[20:10:39 INF] HTTP OPTIONS /api/diagnostics responded 204 in 0.0252 ms
[20:10:39 INF] HTTP OPTIONS /api/modules responded 204 in 0.0094 ms
[20:10:39 INF] HTTP OPTIONS /api/users responded 204 in 0.0060 ms
[20:10:39 INF] HTTP OPTIONS /api/roles responded 204 in 0.0110 ms
[20:10:40 INF] HTTP OPTIONS /api/diagnostics responded 204 in 0.0229 ms
[20:10:40 INF] HTTP OPTIONS /api/modules responded 204 in 0.0109 ms
[20:10:40 INF] HTTP OPTIONS /api/users responded 204 in 0.0072 ms
[20:10:40 INF] HTTP OPTIONS /api/roles responded 204 in 0.0133 ms
[20:10:40 INF] HTTP OPTIONS /api/diagnostics responded 204 in 0.0237 ms
[20:10:40 INF] HTTP OPTIONS /api/modules responded 204 in 0.0092 ms
[20:10:40 INF] HTTP OPTIONS /api/users responded 204 in 0.0124 ms
[20:10:40 INF] HTTP OPTIONS /api/roles responded 204 in 0.0071 ms
[20:10:40 INF] HTTP OPTIONS /api/diagnostics responded 204 in 0.0256 ms
[20:10:40 INF] HTTP OPTIONS /api/modules responded 204 in 0.0096 ms
[20:10:40 INF] HTTP OPTIONS /api/users responded 204 in 0.0108 ms
[20:10:40 INF] HTTP OPTIONS /api/roles responded 204 in 0.0070 ms
[20:10:40 INF] HTTP OPTIONS /api/diagnostics responded 204 in 0.0181 ms
[20:10:40 INF] HTTP OPTIONS /api/modules responded 204 in 0.0072 ms
[20:10:40 INF] HTTP OPTIONS /api/users responded 204 in 0.0076 ms
[20:10:40 INF] HTTP OPTIONS /api/roles responded 204 in 0.0081 ms
[20:10:40 INF] HTTP OPTIONS /api/diagnostics responded 204 in 0.0216 ms
[20:10:40 INF] HTTP OPTIONS /api/modules responded 204 in 0.0078 ms
[20:10:40 INF] HTTP OPTIONS /api/users responded 204 in 0.0112 ms
[20:10:40 INF] HTTP OPTIONS /api/roles responded 204 in 0.0067 ms
[20:10:40 INF] HTTP OPTIONS /api/diagnostics responded 204 in 0.0203 ms
[20:10:40 INF] HTTP OPTIONS /api/modules responded 204 in 0.0132 ms
[20:10:40 INF] HTTP OPTIONS /api/users responded 204 in 0.0224 ms
[20:10:40 INF] HTTP OPTIONS /api/roles responded 204 in 0.0075 ms
[20:10:40 INF] HTTP OPTIONS /api/diagnostics responded 204 in 0.0178 ms
[20:10:40 INF] HTTP OPTIONS /api/modules responded 204 in 0.0093 ms
[20:10:40 INF] HTTP OPTIONS /api/users responded 204 in 0.0059 ms
[20:10:40 INF] HTTP OPTIONS /api/roles responded 204 in 0.0067 ms
[20:10:40 INF] HTTP OPTIONS /api/diagnostics responded 204 in 0.0327 ms
[20:10:40 INF] HTTP OPTIONS /api/modules responded 204 in 0.0082 ms
[20:10:40 INF] HTTP OPTIONS /api/users responded 204 in 0.0106 ms
[20:10:40 INF] HTTP OPTIONS /api/roles responded 204 in 0.0061 ms
[20:10:40 INF] HTTP OPTIONS /api/diagnostics responded 204 in 0.0264 ms
[20:10:40 INF] HTTP OPTIONS /api/modules responded 204 in 0.0073 ms
[20:10:40 INF] HTTP OPTIONS /api/users responded 204 in 0.0063 ms
[20:10:40 INF] HTTP OPTIONS /api/roles responded 204 in 0.0063 ms
[20:10:40 INF] HTTP OPTIONS /api/diagnostics responded 204 in 0.0094 ms
[20:10:40 INF] HTTP OPTIONS /api/modules responded 204 in 0.0605 ms
[20:10:40 INF] HTTP OPTIONS /api/dashboard responded 204 in 0.0206 ms
[20:10:40 INF] HTTP OPTIONS /api/modules responded 204 in 0.0107 ms
[20:11:16 INF] HTTP OPTIONS /api/actions responded 204 in 0.0260 ms
[20:11:16 INF] HTTP OPTIONS /api/events responded 204 in 0.0052 ms
[20:11:16 INF] HTTP OPTIONS /api/modules responded 204 in 0.0078 ms
[20:11:27 INF] HTTP OPTIONS /api/modules responded 204 in 0.0124 ms
[20:11:27 INF] HTTP OPTIONS /api/actions responded 204 in 0.0196 ms
[20:11:34 INF] HTTP OPTIONS /api/audit responded 204 in 0.0274 ms
[20:11:38 INF] HTTP OPTIONS /api/diagnostics responded 204 in 0.0160 ms
[20:11:40 INF] HTTP OPTIONS /api/diagnostics/run responded 204 in 0.0189 ms
[20:11:40 INF] HTTP OPTIONS /api/diagnostics responded 204 in 0.0171 ms
[20:11:40 INF] HTTP OPTIONS /api/diagnostics responded 204 in 0.0071 ms
[20:11:43 INF] HTTP OPTIONS /api/notifications responded 204 in 0.0158 ms
[20:11:45 INF] HTTP OPTIONS /api/notifications/not-001/mark-read responded 204 in 0.0198 ms
[20:11:45 INF] HTTP OPTIONS /api/notifications responded 204 in 0.0182 ms
[20:11:46 INF] HTTP OPTIONS /api/notifications/not-002/mark-read responded 204 in 0.0175 ms
[20:11:46 INF] HTTP OPTIONS /api/notifications responded 204 in 0.0192 ms
[20:11:47 INF] HTTP OPTIONS /api/logs responded 204 in 0.0150 ms
[20:11:51 INF] HTTP OPTIONS /api/audit responded 204 in 0.0169 ms
[20:11:53 INF] HTTP OPTIONS /api/actions responded 204 in 0.0445 ms
[20:11:53 INF] HTTP OPTIONS /api/modules responded 204 in 0.0081 ms
[20:11:55 INF] HTTP OPTIONS /api/events responded 204 in 0.0157 ms
[20:11:55 INF] HTTP OPTIONS /api/modules responded 204 in 0.0073 ms
[20:12:08 INF] HTTP OPTIONS /api/events responded 204 in 0.0155 ms
[20:12:08 INF] HTTP OPTIONS /api/actions responded 204 in 0.0061 ms
[20:12:08 INF] HTTP OPTIONS /api/modules responded 204 in 0.0061 ms
[20:12:11 INF] HTTP OPTIONS /api/events responded 204 in 0.0171 ms
[20:12:11 INF] HTTP OPTIONS /api/modules responded 204 in 0.0061 ms
[20:12:12 INF] HTTP OPTIONS /api/approvals responded 204 in 0.0156 ms
[20:12:12 INF] HTTP OPTIONS /api/events responded 204 in 0.0066 ms
[20:12:12 INF] HTTP OPTIONS /api/actions responded 204 in 0.0060 ms
[20:12:18 INF] HTTP OPTIONS /api/approvals/apr-001/approve responded 204 in 0.0189 ms
[20:12:24 INF] HTTP OPTIONS /api/diagnostics responded 204 in 0.0181 ms
[20:12:24 INF] HTTP OPTIONS /api/modules responded 204 in 0.0087 ms
[20:12:24 INF] HTTP OPTIONS /api/dashboard responded 204 in 0.0180 ms
[20:12:24 INF] HTTP OPTIONS /api/modules responded 204 in 0.0076 ms
[20:12:30 INF] HTTP OPTIONS /api/actions responded 204 in 0.0171 ms
[20:12:30 INF] HTTP OPTIONS /api/modules responded 204 in 0.0069 ms
[20:12:31 INF] HTTP OPTIONS /api/audit responded 204 in 0.0205 ms
[20:12:32 INF] HTTP OPTIONS /api/notifications responded 204 in 0.0183 ms
[20:12:38 INF] HTTP OPTIONS /api/diagnostics responded 204 in 0.0316 ms
[20:12:38 INF] HTTP OPTIONS /api/notifications responded 204 in 0.0187 ms
[20:12:39 INF] HTTP OPTIONS /api/logs responded 204 in 0.0167 ms
[20:12:40 INF] HTTP OPTIONS /api/audit responded 204 in 0.0184 ms
[20:12:42 INF] HTTP OPTIONS /api/actions responded 204 in 0.0146 ms
[20:12:42 INF] HTTP OPTIONS /api/modules responded 204 in 0.0052 ms
[20:12:43 INF] HTTP OPTIONS /api/actions responded 204 in 0.0181 ms
[20:12:43 INF] HTTP OPTIONS /api/events responded 204 in 0.0079 ms
[20:12:43 INF] HTTP OPTIONS /api/modules responded 204 in 0.0157 ms
[20:12:44 INF] HTTP OPTIONS /api/approvals responded 204 in 0.0180 ms
[20:12:44 INF] HTTP OPTIONS /api/events responded 204 in 0.0075 ms
[20:12:44 INF] HTTP OPTIONS /api/actions responded 204 in 0.0054 ms
[20:12:45 INF] HTTP OPTIONS /api/events responded 204 in 0.0162 ms
[20:12:45 INF] HTTP OPTIONS /api/modules responded 204 in 0.0053 ms
[20:12:45 INF] HTTP OPTIONS /api/approvals responded 204 in 0.0193 ms
[20:12:45 INF] HTTP OPTIONS /api/events responded 204 in 0.0056 ms
[20:12:45 INF] HTTP OPTIONS /api/actions responded 204 in 0.0046 ms
[20:12:49 INF] HTTP OPTIONS /api/events responded 204 in 0.0148 ms
[20:12:49 INF] HTTP OPTIONS /api/modules responded 204 in 0.0064 ms
[20:12:54 INF] HTTP OPTIONS /api/actions responded 204 in 0.0172 ms
[20:12:54 INF] HTTP OPTIONS /api/events responded 204 in 0.0098 ms
[20:12:54 INF] HTTP OPTIONS /api/modules responded 204 in 0.0309 ms
[20:12:57 INF] HTTP OPTIONS /api/modules/mod-docker/settings responded 204 in 0.0171 ms
[20:12:57 INF] HTTP OPTIONS /api/modules/mod-docker/actions responded 204 in 0.0171 ms
[20:13:00 INF] HTTP OPTIONS /api/approvals responded 204 in 0.0241 ms
[20:13:00 INF] HTTP OPTIONS /api/events responded 204 in 0.0144 ms
[20:13:00 INF] HTTP OPTIONS /api/actions responded 204 in 0.0073 ms
[20:13:01 INF] HTTP OPTIONS /api/actions responded 204 in 0.0161 ms
[20:13:01 INF] HTTP OPTIONS /api/events responded 204 in 0.0071 ms
[20:13:01 INF] HTTP OPTIONS /api/modules responded 204 in 0.0135 ms
[20:13:07 INF] HTTP OPTIONS /api/diagnostics responded 204 in 0.0224 ms
[20:13:07 INF] HTTP OPTIONS /api/modules responded 204 in 0.0214 ms
[20:13:07 INF] HTTP OPTIONS /api/dashboard responded 204 in 0.0081 ms
[20:13:07 INF] HTTP OPTIONS /api/modules responded 204 in 0.0053 ms
[20:13:13 INF] HTTP OPTIONS /api/diagnostics responded 204 in 0.0537 ms
[20:13:13 INF] HTTP OPTIONS /api/modules responded 204 in 0.0159 ms
[20:13:13 INF] HTTP OPTIONS /api/dashboard responded 204 in 0.0044 ms
[20:13:13 INF] HTTP OPTIONS /api/diagnostics responded 204 in 0.0270 ms
[20:13:13 INF] HTTP OPTIONS /api/modules responded 204 in 0.0157 ms
[20:13:13 INF] HTTP OPTIONS /api/modules responded 204 in 0.0289 ms
[20:13:13 INF] HTTP OPTIONS /api/modules responded 204 in 0.0263 ms
[20:13:13 INF] HTTP OPTIONS /api/actions responded 204 in 0.0398 ms
[20:13:13 INF] HTTP OPTIONS /api/events responded 204 in 0.0116 ms
[20:14:00 INF] HTTP OPTIONS /api/diagnostics responded 204 in 0.0207 ms
[20:14:00 INF] HTTP OPTIONS /api/dashboard responded 204 in 0.0058 ms
[20:14:00 INF] HTTP OPTIONS /api/modules responded 204 in 0.0058 ms
[20:14:00 INF] HTTP OPTIONS /api/modules responded 204 in 0.0065 ms
[20:14:01 INF] HTTP OPTIONS /api/diagnostics responded 204 in 0.0225 ms
[20:14:01 INF] HTTP OPTIONS /api/modules responded 204 in 0.0275 ms
[20:14:01 INF] HTTP OPTIONS /api/dashboard responded 204 in 0.0073 ms
[20:14:01 INF] HTTP OPTIONS /api/modules responded 204 in 0.0081 ms
[20:30:42 INF] HTTP OPTIONS /api/modules responded 204 in 2.4241 ms
[20:30:42 INF] HTTP OPTIONS /api/diagnostics responded 204 in 2.3548 ms
[20:30:42 INF] HTTP OPTIONS /api/dashboard responded 204 in 2.0150 ms
[20:30:42 INF] HTTP OPTIONS /api/modules responded 204 in 0.4314 ms
[20:35:02 INF] HTTP OPTIONS /api/diagnostics responded 204 in 0.0384 ms
[20:35:02 INF] HTTP OPTIONS /api/modules responded 204 in 0.0449 ms
[20:35:02 INF] HTTP OPTIONS /api/dashboard responded 204 in 0.0256 ms
[20:35:02 INF] HTTP OPTIONS /api/modules responded 204 in 0.0285 ms
[20:50:21 INF] HTTP OPTIONS /api/diagnostics responded 204 in 0.0443 ms
[20:50:21 INF] HTTP OPTIONS /api/modules responded 204 in 0.0243 ms
[20:50:21 INF] HTTP OPTIONS /api/dashboard responded 204 in 0.0073 ms
[20:50:21 INF] HTTP OPTIONS /api/modules responded 204 in 0.0177 ms
[20:51:12 INF] HTTP OPTIONS /api/diagnostics responded 204 in 0.0287 ms
[20:51:12 INF] HTTP OPTIONS /api/dashboard responded 204 in 0.0095 ms
[20:51:12 INF] HTTP OPTIONS /api/modules responded 204 in 0.0045 ms
[20:51:12 INF] HTTP OPTIONS /api/modules responded 204 in 0.0085 ms
[20:54:30 INF] HTTP OPTIONS /api/diagnostics responded 204 in 0.0339 ms
[20:54:30 INF] HTTP OPTIONS /api/dashboard responded 204 in 0.0050 ms
[20:54:30 INF] HTTP OPTIONS /api/modules responded 204 in 0.0218 ms
[20:54:30 INF] HTTP OPTIONS /api/modules responded 204 in 0.0078 ms
[20:54:31 INF] HTTP OPTIONS /api/diagnostics responded 204 in 0.0194 ms
[20:54:31 INF] HTTP OPTIONS /api/modules responded 204 in 0.0169 ms
[20:54:31 INF] HTTP OPTIONS /api/dashboard responded 204 in 0.0068 ms
[20:54:31 INF] HTTP OPTIONS /api/modules responded 204 in 0.0069 ms
[21:48:27 INF] HTTP OPTIONS /api/modules responded 204 in 0.0448 ms
[21:48:27 INF] HTTP OPTIONS /api/dashboard responded 204 in 0.0071 ms
[21:48:27 INF] HTTP OPTIONS /api/diagnostics responded 204 in 0.0067 ms
[21:48:27 INF] HTTP OPTIONS /api/modules responded 204 in 0.0051 ms
[21:48:29 INF] HTTP OPTIONS /api/diagnostics responded 204 in 0.0229 ms
[21:48:29 INF] HTTP OPTIONS /api/modules responded 204 in 0.0057 ms
[21:48:29 INF] HTTP OPTIONS /api/dashboard responded 204 in 0.0058 ms
[21:48:29 INF] HTTP OPTIONS /api/modules responded 204 in 0.0044 ms
[21:48:30 INF] HTTP OPTIONS /api/diagnostics responded 204 in 0.0210 ms
[21:48:30 INF] HTTP OPTIONS /api/modules responded 204 in 0.0112 ms
[21:48:30 INF] HTTP OPTIONS /api/dashboard responded 204 in 0.0059 ms
[21:48:30 INF] HTTP OPTIONS /api/modules responded 204 in 0.0069 ms
[21:48:32 INF] HTTP OPTIONS /api/diagnostics responded 204 in 0.0241 ms
[21:48:32 INF] HTTP OPTIONS /api/modules responded 204 in 0.0156 ms
[21:48:32 INF] HTTP OPTIONS /api/dashboard responded 204 in 0.0045 ms
[21:48:32 INF] HTTP OPTIONS /api/modules responded 204 in 0.0061 ms
[08:15:45 INF] HTTP OPTIONS /api/diagnostics responded 204 in 0.0222 ms
[08:15:45 INF] HTTP OPTIONS /api/modules responded 204 in 0.0081 ms
[08:15:45 INF] HTTP OPTIONS /api/dashboard responded 204 in 0.0176 ms
[08:15:45 INF] HTTP OPTIONS /api/modules responded 204 in 0.0057 ms
[08:15:51 INF] HTTP OPTIONS /api/diagnostics responded 204 in 0.0201 ms
[08:15:51 INF] HTTP OPTIONS /api/modules responded 204 in 0.0281 ms
[08:15:51 INF] HTTP OPTIONS /api/dashboard responded 204 in 0.0160 ms
[08:15:51 INF] HTTP OPTIONS /api/modules responded 204 in 0.0049 ms
[08:15:52 INF] HTTP OPTIONS /api/diagnostics responded 204 in 0.0192 ms
[08:15:52 INF] HTTP OPTIONS /api/modules responded 204 in 0.0094 ms
[08:15:52 INF] HTTP OPTIONS /api/dashboard responded 204 in 0.0060 ms
[08:15:52 INF] HTTP OPTIONS /api/modules responded 204 in 0.0201 ms
[08:15:56 INF] HTTP OPTIONS /api/diagnostics responded 204 in 0.0197 ms
[08:15:56 INF] HTTP OPTIONS /api/modules responded 204 in 0.0220 ms
[08:15:56 INF] HTTP OPTIONS /api/dashboard responded 204 in 0.0058 ms
[08:15:56 INF] HTTP OPTIONS /api/modules responded 204 in 0.0179 ms
[08:16:14 INF] HTTP OPTIONS /api/diagnostics responded 204 in 0.0223 ms
[08:16:14 INF] HTTP OPTIONS /api/modules responded 204 in 0.0118 ms
[08:16:14 INF] HTTP OPTIONS /api/dashboard responded 204 in 0.0068 ms
[08:16:14 INF] HTTP OPTIONS /api/modules responded 204 in 0.0084 ms
[08:16:57 INF] HTTP OPTIONS /api/dashboard responded 204 in 0.0084 ms
[08:16:57 INF] HTTP OPTIONS /api/diagnostics responded 204 in 0.0231 ms
[08:16:57 INF] HTTP OPTIONS /api/modules responded 204 in 0.0090 ms
[08:16:57 INF] HTTP OPTIONS /api/modules responded 204 in 0.0064 ms
[08:17:01 INF] HTTP OPTIONS /api/diagnostics responded 204 in 0.0319 ms
[08:17:01 INF] HTTP OPTIONS /api/modules responded 204 in 0.0075 ms
[08:17:01 INF] HTTP OPTIONS /api/dashboard responded 204 in 0.0064 ms
[08:17:01 INF] HTTP OPTIONS /api/modules responded 204 in 0.0042 ms
[08:17:11 INF] HTTP OPTIONS /api/diagnostics responded 204 in 0.0253 ms
[08:17:11 INF] HTTP OPTIONS /api/modules responded 204 in 0.0131 ms
[08:17:11 INF] HTTP OPTIONS /api/dashboard responded 204 in 0.0123 ms
[08:17:11 INF] HTTP OPTIONS /api/modules responded 204 in 0.0062 ms
[08:17:28 INF] HTTP OPTIONS /api/diagnostics responded 204 in 0.0202 ms
[08:17:28 INF] HTTP OPTIONS /api/dashboard responded 204 in 0.0157 ms
[08:17:28 INF] HTTP OPTIONS /api/modules responded 204 in 0.0136 ms
[08:17:28 INF] HTTP OPTIONS /api/modules responded 204 in 0.0257 ms
[08:17:35 INF] HTTP OPTIONS /api/diagnostics responded 204 in 0.0149 ms
[08:17:35 INF] HTTP OPTIONS /api/modules responded 204 in 0.0111 ms
[08:17:35 INF] HTTP OPTIONS /api/dashboard responded 204 in 0.0073 ms
[08:17:35 INF] HTTP OPTIONS /api/modules responded 204 in 0.0056 ms
[08:17:50 INF] HTTP OPTIONS /api/diagnostics responded 204 in 0.0261 ms
[08:17:50 INF] HTTP OPTIONS /api/modules responded 204 in 0.0109 ms
[08:17:50 INF] HTTP OPTIONS /api/dashboard responded 204 in 0.0517 ms
[08:17:50 INF] HTTP OPTIONS /api/modules responded 204 in 0.0238 ms
[08:17:51 INF] HTTP OPTIONS /api/diagnostics responded 204 in 0.0212 ms
[08:17:51 INF] HTTP OPTIONS /api/modules responded 204 in 0.0096 ms
[08:17:51 INF] HTTP OPTIONS /api/dashboard responded 204 in 0.0079 ms
[08:17:51 INF] HTTP OPTIONS /api/modules responded 204 in 0.0085 ms
[08:19:27 INF] HTTP OPTIONS /api/diagnostics responded 204 in 0.0150 ms
[08:19:27 INF] HTTP OPTIONS /api/modules responded 204 in 0.0182 ms
[08:19:27 INF] HTTP OPTIONS /api/dashboard responded 204 in 0.0172 ms
[08:19:27 INF] HTTP OPTIONS /api/modules responded 204 in 0.0089 ms
[08:20:13 INF] HTTP OPTIONS /api/diagnostics responded 204 in 0.0230 ms
[08:20:13 INF] HTTP OPTIONS /api/modules responded 204 in 0.0192 ms
[08:20:13 INF] HTTP OPTIONS /api/dashboard responded 204 in 0.0185 ms
[08:20:13 INF] HTTP OPTIONS /api/modules responded 204 in 0.0075 ms
[08:20:13 INF] HTTP OPTIONS /api/diagnostics responded 204 in 0.0290 ms
[08:20:13 INF] HTTP OPTIONS /api/modules responded 204 in 0.0132 ms
[08:20:13 INF] HTTP OPTIONS /api/dashboard responded 204 in 0.0170 ms
[08:20:13 INF] HTTP OPTIONS /api/modules responded 204 in 0.0076 ms
[08:21:02 INF] HTTP OPTIONS /api/diagnostics responded 204 in 0.0258 ms
[08:21:02 INF] HTTP OPTIONS /api/modules responded 204 in 0.0072 ms
[08:21:02 INF] HTTP OPTIONS /api/dashboard responded 204 in 0.0051 ms
[08:21:02 INF] HTTP OPTIONS /api/modules responded 204 in 0.0061 ms
[08:21:04 INF] HTTP OPTIONS /api/auth/login responded 204 in 0.0193 ms
[08:21:04 INF] HTTP OPTIONS /api/diagnostics responded 204 in 0.0284 ms
[08:21:04 INF] HTTP OPTIONS /api/modules responded 204 in 0.0117 ms
[08:21:04 INF] HTTP OPTIONS /api/dashboard responded 204 in 0.0163 ms
[08:21:04 INF] HTTP OPTIONS /api/modules responded 204 in 0.0062 ms
[08:21:31 INF] HTTP OPTIONS /api/actions responded 204 in 0.0191 ms
[08:21:31 INF] HTTP OPTIONS /api/events responded 204 in 0.0052 ms
[08:21:31 INF] HTTP OPTIONS /api/modules responded 204 in 0.0217 ms
[08:21:34 INF] HTTP OPTIONS /api/modules/mod-docker/settings responded 204 in 0.0354 ms
[08:21:34 INF] HTTP OPTIONS /api/modules/mod-docker/actions responded 204 in 0.0354 ms
[08:21:37 INF] HTTP OPTIONS /api/diagnostics responded 204 in 0.0170 ms
[08:21:37 INF] HTTP OPTIONS /api/modules responded 204 in 0.0404 ms
[08:21:37 INF] HTTP OPTIONS /api/modules responded 204 in 0.0088 ms
[08:21:37 INF] HTTP OPTIONS /api/modules/mod-docker/settings responded 204 in 0.0189 ms
[08:21:37 INF] HTTP OPTIONS /api/modules/mod-docker/actions responded 204 in 0.0086 ms
[08:21:40 INF] HTTP OPTIONS /api/modules/mod-zabbix/settings responded 204 in 0.0181 ms
[08:21:40 INF] HTTP OPTIONS /api/modules/mod-zabbix/actions responded 204 in 0.0081 ms
[08:21:43 INF] HTTP OPTIONS /api/diagnostics responded 204 in 0.0230 ms
[08:21:43 INF] HTTP OPTIONS /api/modules responded 204 in 0.0083 ms
[08:21:43 INF] HTTP OPTIONS /api/modules responded 204 in 0.0151 ms
[08:21:43 INF] HTTP OPTIONS /api/modules/mod-zabbix/settings responded 204 in 0.0091 ms
[08:21:43 INF] HTTP OPTIONS /api/modules/mod-zabbix/actions responded 204 in 0.0232 ms
[08:21:44 INF] HTTP OPTIONS /api/modules/mod-grafana/settings responded 204 in 0.0273 ms
[08:21:44 INF] HTTP OPTIONS /api/modules/mod-grafana/actions responded 204 in 0.0125 ms
[08:21:48 INF] HTTP OPTIONS /api/diagnostics responded 204 in 0.0283 ms
[08:21:48 INF] HTTP OPTIONS /api/modules responded 204 in 0.0061 ms
[08:21:48 INF] HTTP OPTIONS /api/modules/mod-grafana/settings responded 204 in 0.0071 ms
[08:21:48 INF] HTTP OPTIONS /api/modules responded 204 in 0.0069 ms
[08:21:48 INF] HTTP OPTIONS /api/modules/mod-grafana/actions responded 204 in 0.0154 ms
[08:22:13 INF] HTTP OPTIONS /api/modules responded 204 in 0.0035 ms
[08:22:13 INF] HTTP OPTIONS /api/diagnostics responded 204 in 0.0284 ms
[08:22:13 INF] HTTP OPTIONS /api/modules responded 204 in 0.0089 ms
[08:22:13 INF] HTTP OPTIONS /api/modules/mod-grafana/settings responded 204 in 0.0062 ms
[08:22:13 INF] HTTP OPTIONS /api/modules/mod-grafana/actions responded 204 in 0.0052 ms
[08:22:15 INF] HTTP OPTIONS /api/modules/mod-grafana/settings responded 204 in 0.0239 ms
[08:22:15 INF] HTTP OPTIONS /api/modules/mod-grafana/settings responded 204 in 0.0277 ms
[08:22:16 INF] HTTP OPTIONS /api/modules/mod-zabbix/settings responded 204 in 0.0302 ms
[08:22:16 INF] HTTP OPTIONS /api/modules/mod-zabbix/actions responded 204 in 0.0270 ms
[08:22:18 INF] HTTP OPTIONS /api/modules/mod-zabbix/settings responded 204 in 0.0302 ms
[08:22:18 INF] HTTP OPTIONS /api/modules/mod-zabbix/settings responded 204 in 0.0499 ms
[08:22:21 INF] HTTP OPTIONS /api/diagnostics responded 204 in 0.0192 ms
[08:22:21 INF] HTTP OPTIONS /api/modules responded 204 in 0.0074 ms
[08:22:21 INF] HTTP OPTIONS /api/modules responded 204 in 0.0063 ms
[08:22:21 INF] HTTP OPTIONS /api/modules/mod-zabbix/settings responded 204 in 0.0058 ms
[08:22:21 INF] HTTP OPTIONS /api/modules/mod-zabbix/actions responded 204 in 0.0096 ms
[08:22:24 INF] HTTP OPTIONS /api/modules/mod-prometheus-alertmanager/settings responded 204 in 0.0240 ms
[08:22:24 INF] HTTP OPTIONS /api/modules/mod-prometheus-alertmanager/actions responded 204 in 0.0055 ms
[08:22:26 INF] HTTP OPTIONS /api/diagnostics responded 204 in 0.0434 ms
[08:22:26 INF] HTTP OPTIONS /api/modules responded 204 in 0.0141 ms
[08:22:26 INF] HTTP OPTIONS /api/modules responded 204 in 0.0078 ms
[08:22:26 INF] HTTP OPTIONS /api/modules/mod-prometheus-alertmanager/settings responded 204 in 0.0062 ms
[08:22:26 INF] HTTP OPTIONS /api/modules/mod-prometheus-alertmanager/actions responded 204 in 0.0109 ms
[08:22:37 INF] HTTP OPTIONS /api/diagnostics responded 204 in 0.0547 ms
[08:22:37 INF] HTTP OPTIONS /api/modules responded 204 in 0.0086 ms
[08:22:37 INF] HTTP OPTIONS /api/modules responded 204 in 0.0060 ms
[08:22:37 INF] HTTP OPTIONS /api/modules/mod-prometheus-alertmanager/settings responded 204 in 0.0054 ms
[08:22:37 INF] HTTP OPTIONS /api/modules/mod-prometheus-alertmanager/actions responded 204 in 0.0355 ms
[08:22:40 INF] HTTP OPTIONS /api/modules/mod-prometheus-alertmanager/settings responded 204 in 0.0488 ms
[08:22:40 INF] HTTP OPTIONS /api/modules/mod-prometheus-alertmanager/settings responded 204 in 0.0267 ms
[08:22:42 INF] HTTP OPTIONS /api/diagnostics responded 204 in 0.0149 ms
[08:22:42 INF] HTTP OPTIONS /api/modules responded 204 in 0.0072 ms
[08:22:42 INF] HTTP OPTIONS /api/modules responded 204 in 0.0080 ms
[08:22:42 INF] HTTP OPTIONS /api/modules/mod-prometheus-alertmanager/settings responded 204 in 0.0056 ms
[08:22:42 INF] HTTP OPTIONS /api/modules/mod-prometheus-alertmanager/actions responded 204 in 0.0071 ms
[08:22:42 INF] HTTP OPTIONS /api/modules/mod-grafana/settings responded 204 in 0.0314 ms
[08:22:42 INF] HTTP OPTIONS /api/modules/mod-grafana/actions responded 204 in 0.0077 ms
[08:22:44 INF] HTTP OPTIONS /api/modules/mod-grafana/test-connection responded 204 in 0.0232 ms
[08:22:44 INF] HTTP OPTIONS /api/modules responded 204 in 0.0222 ms
[08:22:44 INF] HTTP OPTIONS /api/modules responded 204 in 0.0215 ms
[08:22:58 INF] HTTP OPTIONS /api/diagnostics responded 204 in 0.0328 ms
[08:22:58 INF] HTTP OPTIONS /api/modules responded 204 in 0.0069 ms
[08:22:58 INF] HTTP OPTIONS /api/modules responded 204 in 0.0231 ms
[08:22:58 INF] HTTP OPTIONS /api/modules/mod-grafana/settings responded 204 in 0.0060 ms
[08:22:58 INF] HTTP OPTIONS /api/modules/mod-grafana/actions responded 204 in 0.0229 ms
[08:23:00 INF] HTTP OPTIONS /api/modules/mod-grafana/settings responded 204 in 0.0307 ms
[08:23:00 INF] HTTP OPTIONS /api/modules/mod-grafana/settings responded 204 in 0.0421 ms
[08:23:07 INF] HTTP OPTIONS /api/modules/mod-grafana/settings responded 204 in 0.0242 ms
[08:23:07 INF] HTTP OPTIONS /api/modules/mod-grafana/settings responded 204 in 0.0245 ms
[08:23:09 INF] HTTP OPTIONS /api/modules/mod-prometheus-alertmanager/settings responded 204 in 0.0458 ms
[08:23:09 INF] HTTP OPTIONS /api/modules/mod-prometheus-alertmanager/actions responded 204 in 0.0242 ms
[08:23:09 INF] HTTP OPTIONS /api/modules/mod-zabbix/settings responded 204 in 0.0288 ms
[08:23:09 INF] HTTP OPTIONS /api/modules/mod-zabbix/actions responded 204 in 0.0162 ms
[08:23:14 INF] HTTP OPTIONS /api/modules responded 204 in 0.0069 ms
[08:23:14 INF] HTTP OPTIONS /api/diagnostics responded 204 in 0.0340 ms
[08:23:14 INF] HTTP OPTIONS /api/dashboard responded 204 in 0.0054 ms
[08:23:14 INF] HTTP OPTIONS /api/modules responded 204 in 0.0040 ms
[08:23:19 INF] HTTP OPTIONS /api/diagnostics responded 204 in 0.0255 ms
[08:23:19 INF] HTTP OPTIONS /api/modules responded 204 in 0.0105 ms
[08:23:19 INF] HTTP OPTIONS /api/dashboard responded 204 in 0.0065 ms
[08:23:19 INF] HTTP OPTIONS /api/modules responded 204 in 0.0051 ms
[08:23:20 INF] HTTP OPTIONS /api/diagnostics responded 204 in 0.0197 ms
[08:23:20 INF] HTTP OPTIONS /api/modules responded 204 in 0.0101 ms
[08:23:20 INF] HTTP OPTIONS /api/modules responded 204 in 0.0103 ms
[08:23:20 INF] HTTP OPTIONS /api/modules/mod-zabbix/settings responded 204 in 0.0057 ms
[08:23:20 INF] HTTP OPTIONS /api/modules/mod-zabbix/actions responded 204 in 0.0082 ms
[08:23:20 INF] HTTP OPTIONS /api/diagnostics responded 204 in 0.0402 ms
[08:23:20 INF] HTTP OPTIONS /api/modules responded 204 in 0.0245 ms
[08:23:20 INF] HTTP OPTIONS /api/dashboard responded 204 in 0.0047 ms
[08:23:20 INF] HTTP OPTIONS /api/modules responded 204 in 0.0057 ms
[08:23:46 INF] HTTP OPTIONS /api/diagnostics responded 204 in 0.0308 ms
[08:23:46 INF] HTTP OPTIONS /api/modules responded 204 in 0.0059 ms
[08:23:46 INF] HTTP OPTIONS /api/dashboard responded 204 in 0.0062 ms
[08:23:46 INF] HTTP OPTIONS /api/modules responded 204 in 0.0060 ms
[08:23:49 INF] HTTP OPTIONS /api/diagnostics responded 204 in 0.0337 ms
[08:23:49 INF] HTTP OPTIONS /api/modules responded 204 in 0.0353 ms
[08:23:49 INF] HTTP OPTIONS /api/dashboard responded 204 in 0.0060 ms
[08:23:49 INF] HTTP OPTIONS /api/modules responded 204 in 0.0064 ms
[08:25:47 INF] HTTP OPTIONS /api/diagnostics responded 204 in 0.0226 ms
[08:25:47 INF] HTTP OPTIONS /api/modules responded 204 in 0.0097 ms
[08:25:47 INF] HTTP OPTIONS /api/dashboard responded 204 in 0.0065 ms
[08:25:47 INF] HTTP OPTIONS /api/modules responded 204 in 0.0072 ms
[08:25:48 INF] HTTP OPTIONS /api/diagnostics responded 204 in 0.0228 ms
[08:25:48 INF] HTTP OPTIONS /api/modules responded 204 in 0.0081 ms
[08:25:48 INF] HTTP OPTIONS /api/dashboard responded 204 in 0.0091 ms
[08:25:48 INF] HTTP OPTIONS /api/modules responded 204 in 0.0070 ms
[08:26:29 INF] HTTP OPTIONS /api/diagnostics responded 204 in 0.0246 ms
[08:26:29 INF] HTTP OPTIONS /api/modules responded 204 in 0.0183 ms
[08:26:29 INF] HTTP OPTIONS /api/modules/mod-zabbix/settings responded 204 in 0.0082 ms
[08:26:29 INF] HTTP OPTIONS /api/modules/mod-zabbix/actions responded 204 in 0.0078 ms
[08:26:29 INF] HTTP OPTIONS /api/modules responded 204 in 0.0140 ms
[08:26:29 INF] HTTP OPTIONS /api/diagnostics responded 204 in 0.0184 ms
[08:26:29 INF] HTTP OPTIONS /api/modules responded 204 in 0.0094 ms
[08:26:29 INF] HTTP OPTIONS /api/dashboard responded 204 in 0.0229 ms
[08:26:29 INF] HTTP OPTIONS /api/modules responded 204 in 0.0096 ms
[08:28:27 INF] HTTP OPTIONS /api/diagnostics responded 204 in 0.0322 ms
[08:28:27 INF] HTTP OPTIONS /api/modules responded 204 in 0.0096 ms
[08:28:27 INF] HTTP OPTIONS /api/dashboard responded 204 in 0.0254 ms
[08:28:27 INF] HTTP OPTIONS /api/modules responded 204 in 0.0109 ms
[08:28:28 INF] HTTP OPTIONS /api/diagnostics responded 204 in 0.0172 ms
[08:28:28 INF] HTTP OPTIONS /api/modules responded 204 in 0.0065 ms
[08:28:28 INF] HTTP OPTIONS /api/modules/mod-zabbix/settings responded 204 in 0.0071 ms
[08:28:28 INF] HTTP OPTIONS /api/modules responded 204 in 0.0192 ms
[08:28:42 INF] HTTP OPTIONS /api/diagnostics responded 204 in 0.0325 ms
[08:28:42 INF] HTTP OPTIONS /api/modules responded 204 in 0.0075 ms
[08:28:42 INF] HTTP OPTIONS /api/dashboard responded 204 in 0.0174 ms
[08:28:42 INF] HTTP OPTIONS /api/modules responded 204 in 0.0077 ms
[08:28:43 INF] HTTP OPTIONS /api/diagnostics responded 204 in 0.0215 ms
[08:28:43 INF] HTTP OPTIONS /api/modules responded 204 in 0.0068 ms
[08:28:43 INF] HTTP OPTIONS /api/modules/mod-zabbix/settings responded 204 in 0.0158 ms
[08:28:43 INF] HTTP OPTIONS /api/modules responded 204 in 0.0080 ms
[08:29:18 INF] HTTP OPTIONS /api/diagnostics responded 204 in 0.0213 ms
[08:29:18 INF] HTTP OPTIONS /api/modules responded 204 in 0.0093 ms
[08:29:18 INF] HTTP OPTIONS /api/dashboard responded 204 in 0.0329 ms
[08:29:18 INF] HTTP OPTIONS /api/modules responded 204 in 0.0149 ms
[08:29:19 INF] HTTP OPTIONS /api/diagnostics responded 204 in 0.0214 ms
[08:29:19 INF] HTTP OPTIONS /api/modules responded 204 in 0.0143 ms
[08:29:19 INF] HTTP OPTIONS /api/modules/mod-zabbix/settings responded 204 in 0.0182 ms
[08:29:19 INF] HTTP OPTIONS /api/modules responded 204 in 0.0183 ms
[08:29:23 INF] HTTP OPTIONS /api/diagnostics responded 204 in 0.0225 ms
[08:29:23 INF] HTTP OPTIONS /api/modules responded 204 in 0.0098 ms
[08:29:23 INF] HTTP OPTIONS /api/dashboard responded 204 in 0.0178 ms
[08:29:23 INF] HTTP OPTIONS /api/modules responded 204 in 0.0079 ms
[08:29:24 INF] HTTP OPTIONS /api/diagnostics responded 204 in 0.0341 ms
[08:29:24 INF] HTTP OPTIONS /api/modules responded 204 in 0.0057 ms
[08:29:24 INF] HTTP OPTIONS /api/modules/mod-zabbix/settings responded 204 in 0.0133 ms
[08:29:24 INF] HTTP OPTIONS /api/modules responded 204 in 0.0060 ms
[08:32:29 INF] HTTP OPTIONS /api/diagnostics responded 204 in 0.0242 ms
[08:32:29 INF] HTTP OPTIONS /api/modules responded 204 in 0.0192 ms
[08:32:29 INF] HTTP OPTIONS /api/dashboard responded 204 in 0.0229 ms
[08:32:29 INF] HTTP OPTIONS /api/modules responded 204 in 0.0138 ms
[08:32:54 INF] HTTP OPTIONS /api/diagnostics responded 204 in 0.0227 ms
[08:32:54 INF] HTTP OPTIONS /api/modules responded 204 in 0.0058 ms
[08:32:54 INF] HTTP OPTIONS /api/dashboard responded 204 in 0.0290 ms
[08:32:54 INF] HTTP OPTIONS /api/modules responded 204 in 0.0147 ms
