Используются параметры запуска из src\SysAssist.Api\Properties\launchSettings.json...
Сборка…
[19:26:33 INF] Applying SysAssist database migrations and seed data.
[19:26:33 INF] Cockroach Cloud detected; creating schema without PostgreSQL migration locks.
[19:26:38 INF] Seeding SysAssist database.
[19:26:56 INF] SysAssist database is ready.
[19:26:56 INF] Now listening on: http://localhost:5089
[19:26:56 INF] Application started. Press Ctrl+C to shut down.
[19:26:56 INF] Hosting environment: Development
[19:26:56 INF] Content root path: C:\Users\8-Bits\Desktop\Sys\SysAssist\src\SysAssist.Api
[19:26:58 INF] HTTP GET /health/live responded 200 in 42.5044 ms
[19:27:09 INF] HTTP GET /health/ready responded 200 in 3870.3549 ms
[19:27:12 INF] HTTP OPTIONS /api/diagnostics responded 204 in 1.5029 ms
[19:27:12 INF] HTTP OPTIONS /api/dashboard responded 204 in 0.1643 ms
[19:27:12 INF] HTTP OPTIONS /api/modules responded 204 in 0.1606 ms
[19:27:12 INF] HTTP OPTIONS /api/license responded 204 in 0.1736 ms
[19:27:12 INF] HTTP OPTIONS /api/modules responded 204 in 0.1736 ms
[19:27:12 INF] HTTP GET /api/license responded 200 in 49.0817 ms
[19:27:16 INF] HTTP GET /api/diagnostics responded 200 in 3373.0638 ms
[19:27:16 INF] HTTP GET /api/modules responded 200 in 3775.8868 ms
[19:27:17 INF] HTTP GET /api/modules responded 200 in 502.5041 ms
[19:27:18 INF] HTTP GET /api/dashboard responded 200 in 6050.0045 ms
