[2m14:53:23[22m [33m[1m[vite][22m[39m [33m[2m(client)[22m[39m [2m[console.warn] [22mThe width(-1) and height(-1) of chart should be greater than 0,
       please check the style of container, or the props width(100%) and height(100%),
       or add a minWidth(0) or minHeight(undefined) or use aspect(undefined) to control the
       height and width.
[2m14:53:23[22m [33m[1m[vite][22m[39m [33m[2m(client)[22m[39m [2m[console.warn] [22mThe width(-1) and height(-1) of chart should be greater than 0,
       please check the style of container, or the props width(100%) and height(100%),
       or add a minWidth(0) or minHeight(undefined) or use aspect(undefined) to control the
       height and width.
[2m14:53:23[22m [33m[1m[vite][22m[39m [33m[2m(client)[22m[39m [2m[console.warn] [22mThe width(-1) and height(-1) of chart should be greater than 0,
       please check the style of container, or the props width(100%) and height(100%),
       or add a minWidth(0) or minHeight(undefined) or use aspect(undefined) to control the
       height and width.
[2m14:53:23[22m [33m[1m[vite][22m[39m [33m[2m(client)[22m[39m [2m[console.warn] [22mThe width(-1) and height(-1) of chart should be greater than 0,
       please check the style of container, or the props width(100%) and height(100%),
       or add a minWidth(0) or minHeight(undefined) or use aspect(undefined) to control the
       height and width.
[2m14:53:23[22m [33m[1m[vite][22m[39m [33m[2m(client)[22m[39m [2m[console.warn] [22mGSAP target .severity-meter-fill not found. https://gsap.com
[2m14:53:23[22m [33m[1m[vite][22m[39m [33m[2m(client)[22m[39m [2m[console.warn] [22mGSAP target  not found. https://gsap.com
[2m14:53:23[22m [33m[1m[vite][22m[39m [33m[2m(client)[22m[39m [2m[console.warn] [22mGSAP target  not found. https://gsap.com
[2m14:53:23[22m [33m[1m[vite][22m[39m [33m[2m(client)[22m[39m [2m[console.warn] [22mGSAP target .severity-meter-fill not found. https://gsap.com
[2m14:53:23[22m [33m[1m[vite][22m[39m [33m[2m(client)[22m[39m [2m[console.warn] [22mGSAP target  not found. https://gsap.com
[2m14:58:13[22m [33m[1m[vite][22m[39m [33m[2m(client)[22m[39m [2m[console.warn] [22mThe width(-1) and height(-1) of chart should be greater than 0,
       please check the style of container, or the props width(100%) and height(100%),
       or add a minWidth(0) or minHeight(undefined) or use aspect(undefined) to control the
       height and width.
[2m14:58:13[22m [33m[1m[vite][22m[39m [33m[2m(client)[22m[39m [2m[console.warn] [22mThe width(-1) and height(-1) of chart should be greater than 0,
       please check the style of container, or the props width(100%) and height(100%),
       or add a minWidth(0) or minHeight(undefined) or use aspect(undefined) to control the
       height and width.
[2m14:58:13[22m [33m[1m[vite][22m[39m [33m[2m(client)[22m[39m [2m[console.warn] [22mThe width(-1) and height(-1) of chart should be greater than 0,
       please check the style of container, or the props width(100%) and height(100%),
       or add a minWidth(0) or minHeight(undefined) or use aspect(undefined) to control the
       height and width.
[2m14:58:13[22m [33m[1m[vite][22m[39m [33m[2m(client)[22m[39m [2m[console.warn] [22mThe width(-1) and height(-1) of chart should be greater than 0,
       please check the style of container, or the props width(100%) and height(100%),
       or add a minWidth(0) or minHeight(undefined) or use aspect(undefined) to control the
       height and width.
[2m14:58:13[22m [33m[1m[vite][22m[39m [33m[2m(client)[22m[39m [2m[console.warn] [22mGSAP target .severity-meter-fill not found. https://gsap.com
[2m14:58:13[22m [33m[1m[vite][22m[39m [33m[2m(client)[22m[39m [2m[console.warn] [22mGSAP target  not found. https://gsap.com
[2m14:58:13[22m [33m[1m[vite][22m[39m [33m[2m(client)[22m[39m [2m[console.warn] [22mGSAP target  not found. https://gsap.com
[2m14:58:13[22m [33m[1m[vite][22m[39m [33m[2m(client)[22m[39m [2m[console.warn] [22mGSAP target .severity-meter-fill not found. https://gsap.com
[2m14:58:13[22m [33m[1m[vite][22m[39m [33m[2m(client)[22m[39m [2m[console.warn] [22mGSAP target  not found. https://gsap.com
[2m14:58:13[22m [33m[1m[vite][22m[39m [33m[2m(client)[22m[39m [2m[console.warn] [22mGSAP target  not found. https://gsap.com
[2m14:58:25[22m [33m[1m[vite][22m[39m [33m[2m(client)[22m[39m [2m[console.warn] [22mGSAP target .timeline-item, .operation-row, .severity-card, .severity-legend-item not found. https://gsap.com
[2m14:58:25[22m [33m[1m[vite][22m[39m [33m[2m(client)[22m[39m [2m[console.warn] [22mGSAP target  not found. https://gsap.com
[2m14:58:25[22m [33m[1m[vite][22m[39m [33m[2m(client)[22m[39m [2m[console.warn] [22mGSAP target .severity-meter-fill not found. https://gsap.com
[2m14:58:25[22m [33m[1m[vite][22m[39m [33m[2m(client)[22m[39m [2m[console.warn] [22mGSAP target  not found. https://gsap.com
[2m14:58:25[22m [33m[1m[vite][22m[39m [33m[2m(client)[22m[39m [2m[console.warn] [22mGSAP target  not found. https://gsap.com
[2m14:58:25[22m [33m[1m[vite][22m[39m [33m[2m(client)[22m[39m [2m[console.warn] [22mGSAP target  not found. https://gsap.com
[2m14:58:25[22m [33m[1m[vite][22m[39m [33m[2m(client)[22m[39m [2m[console.warn] [22mGSAP target .timeline-item, .operation-row, .severity-card, .severity-legend-item not found. https://gsap.com
[2m14:58:25[22m [33m[1m[vite][22m[39m [33m[2m(client)[22m[39m [2m[console.warn] [22mGSAP target  not found. https://gsap.com
[2m14:58:25[22m [33m[1m[vite][22m[39m [33m[2m(client)[22m[39m [2m[console.warn] [22mGSAP target .severity-meter-fill not found. https://gsap.com
[2m14:58:25[22m [33m[1m[vite][22m[39m [33m[2m(client)[22m[39m [2m[console.warn] [22mGSAP target  not found. https://gsap.com
[2m14:58:25[22m [33m[1m[vite][22m[39m [33m[2m(client)[22m[39m [2m[console.warn] [22mGSAP target  not found. https://gsap.com
[2m14:58:25[22m [33m[1m[vite][22m[39m [33m[2m(client)[22m[39m [2m[console.warn] [22mGSAP target  not found. https://gsap.com
[2m14:58:25[22m [33m[1m[vite][22m[39m [33m[2m(client)[22m[39m [2m[console.warn] [22mGSAP target  not found. https://gsap.com
[2m14:58:30[22m [33m[1m[vite][22m[39m [33m[2m(client)[22m[39m [2m[console.warn] [22mGSAP target .timeline-item, .operation-row, .severity-card, .severity-legend-item not found. https://gsap.com
[2m14:58:30[22m [33m[1m[vite][22m[39m [33m[2m(client)[22m[39m [2m[console.warn] [22mGSAP target  not found. https://gsap.com
[2m14:58:30[22m [33m[1m[vite][22m[39m [33m[2m(client)[22m[39m [2m[console.warn] [22mGSAP target .severity-meter-fill not found. https://gsap.com
[2m14:58:30[22m [33m[1m[vite][22m[39m [33m[2m(client)[22m[39m [2m[console.warn] [22mGSAP target  not found. https://gsap.com
[2m14:58:30[22m [33m[1m[vite][22m[39m [33m[2m(client)[22m[39m [2m[console.warn] [22mGSAP target  not found. https://gsap.com
[2m14:58:30[22m [33m[1m[vite][22m[39m [33m[2m(client)[22m[39m [2m[console.warn] [22mGSAP target  not found. https://gsap.com
[2m14:58:30[22m [33m[1m[vite][22m[39m [33m[2m(client)[22m[39m [2m[console.warn] [22mGSAP target .timeline-item, .operation-row, .severity-card, .severity-legend-item not found. https://gsap.com
[2m14:58:30[22m [33m[1m[vite][22m[39m [33m[2m(client)[22m[39m [2m[console.warn] [22mGSAP target  not found. https://gsap.com
[2m14:58:30[22m [33m[1m[vite][22m[39m [33m[2m(client)[22m[39m [2m[console.warn] [22mGSAP target .severity-meter-fill not found. https://gsap.com
[2m14:58:30[22m [33m[1m[vite][22m[39m [33m[2m(client)[22m[39m [2m[console.warn] [22mGSAP target  not found. https://gsap.com
[2m14:58:30[22m [33m[1m[vite][22m[39m [33m[2m(client)[22m[39m [2m[console.warn] [22mGSAP target  not found. https://gsap.com
[2m14:58:30[22m [33m[1m[vite][22m[39m [33m[2m(client)[22m[39m [2m[console.warn] [22mGSAP target  not found. https://gsap.com
[2m14:58:30[22m [33m[1m[vite][22m[39m [33m[2m(client)[22m[39m [2m[console.warn] [22mGSAP target  not found. https://gsap.com
[2m14:58:30[22m [33m[1m[vite][22m[39m [33m[2m(client)[22m[39m [2m[console.warn] [22mGSAP target  not found. https://gsap.com
[2m14:58:31[22m [33m[1m[vite][22m[39m [33m[2m(client)[22m[39m [2m[console.warn] [22mGSAP target .timeline-item, .operation-row, .severity-card, .severity-legend-item not found. https://gsap.com
[2m14:58:31[22m [33m[1m[vite][22m[39m [33m[2m(client)[22m[39m [2m[console.warn] [22mGSAP target  not found. https://gsap.com
[2m14:58:31[22m [33m[1m[vite][22m[39m [33m[2m(client)[22m[39m [2m[console.warn] [22mGSAP target .severity-meter-fill not found. https://gsap.com
[2m14:58:31[22m [33m[1m[vite][22m[39m [33m[2m(client)[22m[39m [2m[console.warn] [22mGSAP target  not found. https://gsap.com
[2m14:58:31[22m [33m[1m[vite][22m[39m [33m[2m(client)[22m[39m [2m[console.warn] [22mGSAP target  not found. https://gsap.com
[2m14:58:31[22m [33m[1m[vite][22m[39m [33m[2m(client)[22m[39m [2m[console.warn] [22mGSAP target  not found. https://gsap.com
[2m14:58:31[22m [33m[1m[vite][22m[39m [33m[2m(client)[22m[39m [2m[console.warn] [22mGSAP target .timeline-item, .operation-row, .severity-card, .severity-legend-item not found. https://gsap.com
[2m14:58:31[22m [33m[1m[vite][22m[39m [33m[2m(client)[22m[39m [2m[console.warn] [22mGSAP target  not found. https://gsap.com
[2m14:58:31[22m [33m[1m[vite][22m[39m [33m[2m(client)[22m[39m [2m[console.warn] [22mGSAP target .severity-meter-fill not found. https://gsap.com
[2m14:58:31[22m [33m[1m[vite][22m[39m [33m[2m(client)[22m[39m [2m[console.warn] [22mGSAP target  not found. https://gsap.com
[2m14:58:31[22m [33m[1m[vite][22m[39m [33m[2m(client)[22m[39m [2m[console.warn] [22mGSAP target  not found. https://gsap.com
[2m14:58:31[22m [33m[1m[vite][22m[39m [33m[2m(client)[22m[39m [2m[console.warn] [22mGSAP target  not found. https://gsap.com
[2m14:58:33[22m [33m[1m[vite][22m[39m [33m[2m(client)[22m[39m [2m[console.warn] [22mGSAP target .timeline-item, .operation-row, .severity-card, .severity-legend-item not found. https://gsap.com
[2m14:58:33[22m [33m[1m[vite][22m[39m [33m[2m(client)[22m[39m [2m[console.warn] [22mGSAP target  not found. https://gsap.com
[2m14:58:33[22m [33m[1m[vite][22m[39m [33m[2m(client)[22m[39m [2m[console.warn] [22mGSAP target .severity-meter-fill not found. https://gsap.com
[2m14:58:33[22m [33m[1m[vite][22m[39m [33m[2m(client)[22m[39m [2m[console.warn] [22mGSAP target  not found. https://gsap.com
[2m14:58:33[22m [33m[1m[vite][22m[39m [33m[2m(client)[22m[39m [2m[console.warn] [22mGSAP target  not found. https://gsap.com
[2m14:58:33[22m [33m[1m[vite][22m[39m [33m[2m(client)[22m[39m [2m[console.warn] [22mGSAP target  not found. https://gsap.com
[2m14:58:33[22m [33m[1m[vite][22m[39m [33m[2m(client)[22m[39m [2m[console.warn] [22mGSAP target .timeline-item, .operation-row, .severity-card, .severity-legend-item not found. https://gsap.com
[2m14:58:33[22m [33m[1m[vite][22m[39m [33m[2m(client)[22m[39m [2m[console.warn] [22mGSAP target  not found. https://gsap.com
[2m14:58:33[22m [33m[1m[vite][22m[39m [33m[2m(client)[22m[39m [2m[console.warn] [22mGSAP target .severity-meter-fill not found. https://gsap.com
[2m14:58:33[22m [33m[1m[vite][22m[39m [33m[2m(client)[22m[39m [2m[console.warn] [22mGSAP target  not found. https://gsap.com
[2m14:58:34[22m [33m[1m[vite][22m[39m [33m[2m(client)[22m[39m [2m[console.warn] [22mGSAP target  not found. https://gsap.com
[2m14:58:34[22m [33m[1m[vite][22m[39m [33m[2m(client)[22m[39m [2m[console.warn] [22mGSAP target  not found. https://gsap.com
[2m14:58:49[22m [33m[1m[vite][22m[39m [33m[2m(client)[22m[39m [2m[console.warn] [22mThe width(-1) and height(-1) of chart should be greater than 0,
       please check the style of container, or the props width(100%) and height(100%),
       or add a minWidth(0) or minHeight(undefined) or use aspect(undefined) to control the
       height and width.
[2m14:58:49[22m [33m[1m[vite][22m[39m [33m[2m(client)[22m[39m [2m[console.warn] [22mThe width(-1) and height(-1) of chart should be greater than 0,
       please check the style of container, or the props width(100%) and height(100%),
       or add a minWidth(0) or minHeight(undefined) or use aspect(undefined) to control the
       height and width.
[2m14:58:49[22m [33m[1m[vite][22m[39m [33m[2m(client)[22m[39m [2m[console.warn] [22mThe width(-1) and height(-1) of chart should be greater than 0,
       please check the style of container, or the props width(100%) and height(100%),
       or add a minWidth(0) or minHeight(undefined) or use aspect(undefined) to control the
       height and width.
[2m14:58:49[22m [33m[1m[vite][22m[39m [33m[2m(client)[22m[39m [2m[console.warn] [22mThe width(-1) and height(-1) of chart should be greater than 0,
       please check the style of container, or the props width(100%) and height(100%),
       or add a minWidth(0) or minHeight(undefined) or use aspect(undefined) to control the
       height and width.
[2m14:58:49[22m [33m[1m[vite][22m[39m [33m[2m(client)[22m[39m [2m[console.warn] [22mGSAP target .severity-meter-fill not found. https://gsap.com
[2m14:58:49[22m [33m[1m[vite][22m[39m [33m[2m(client)[22m[39m [2m[console.warn] [22mGSAP target  not found. https://gsap.com
[2m14:58:49[22m [33m[1m[vite][22m[39m [33m[2m(client)[22m[39m [2m[console.warn] [22mGSAP target  not found. https://gsap.com
[2m14:58:49[22m [33m[1m[vite][22m[39m [33m[2m(client)[22m[39m [2m[console.warn] [22mGSAP target .severity-meter-fill not found. https://gsap.com
[2m14:58:49[22m [33m[1m[vite][22m[39m [33m[2m(client)[22m[39m [2m[console.warn] [22mGSAP target  not found. https://gsap.com
[2m14:58:49[22m [33m[1m[vite][22m[39m [33m[2m(client)[22m[39m [2m[console.warn] [22mGSAP target  not found. https://gsap.com
[2m14:58:53[22m [33m[1m[vite][22m[39m [33m[2m(client)[22m[39m [2m[console.warn] [22mGSAP target .timeline-item, .operation-row, .severity-card, .severity-legend-item not found. https://gsap.com
[2m14:58:53[22m [33m[1m[vite][22m[39m [33m[2m(client)[22m[39m [2m[console.warn] [22mGSAP target  not found. https://gsap.com
[2m14:58:53[22m [33m[1m[vite][22m[39m [33m[2m(client)[22m[39m [2m[console.warn] [22mGSAP target .severity-meter-fill not found. https://gsap.com
[2m14:58:53[22m [33m[1m[vite][22m[39m [33m[2m(client)[22m[39m [2m[console.warn] [22mGSAP target  not found. https://gsap.com
[2m14:58:53[22m [33m[1m[vite][22m[39m [33m[2m(client)[22m[39m [2m[console.warn] [22mGSAP target  not found. https://gsap.com
[2m14:58:53[22m [33m[1m[vite][22m[39m [33m[2m(client)[22m[39m [2m[console.warn] [22mGSAP target  not found. https://gsap.com
[2m14:58:53[22m [33m[1m[vite][22m[39m [33m[2m(client)[22m[39m [2m[console.warn] [22mGSAP target .timeline-item, .operation-row, .severity-card, .severity-legend-item not found. https://gsap.com
[2m14:58:53[22m [33m[1m[vite][22m[39m [33m[2m(client)[22m[39m [2m[console.warn] [22mGSAP target  not found. https://gsap.com
[2m14:58:53[22m [33m[1m[vite][22m[39m [33m[2m(client)[22m[39m [2m[console.warn] [22mGSAP target .severity-meter-fill not found. https://gsap.com
[2m14:58:53[22m [33m[1m[vite][22m[39m [33m[2m(client)[22m[39m [2m[console.warn] [22mGSAP target  not found. https://gsap.com
[2m14:58:53[22m [33m[1m[vite][22m[39m [33m[2m(client)[22m[39m [2m[console.warn] [22mGSAP target  not found. https://gsap.com
[2m14:58:53[22m [33m[1m[vite][22m[39m [33m[2m(client)[22m[39m [2m[console.warn] [22mGSAP target  not found. https://gsap.com
[2m14:58:55[22m [33m[1m[vite][22m[39m [33m[2m(client)[22m[39m [2m[console.warn] [22mGSAP target .timeline-item, .operation-row, .severity-card, .severity-legend-item not found. https://gsap.com
[2m14:58:55[22m [33m[1m[vite][22m[39m [33m[2m(client)[22m[39m [2m[console.warn] [22mGSAP target  not found. https://gsap.com
[2m14:58:55[22m [33m[1m[vite][22m[39m [33m[2m(client)[22m[39m [2m[console.warn] [22mGSAP target .severity-meter-fill not found. https://gsap.com
[2m14:58:55[22m [33m[1m[vite][22m[39m [33m[2m(client)[22m[39m [2m[console.warn] [22mGSAP target  not found. https://gsap.com
[2m14:58:55[22m [33m[1m[vite][22m[39m [33m[2m(client)[22m[39m [2m[console.warn] [22mGSAP target  not found. https://gsap.com
[2m14:58:55[22m [33m[1m[vite][22m[39m [33m[2m(client)[22m[39m [2m[console.warn] [22mGSAP target  not found. https://gsap.com
[2m14:58:55[22m [33m[1m[vite][22m[39m [33m[2m(client)[22m[39m [2m[console.warn] [22mGSAP target .timeline-item, .operation-row, .severity-card, .severity-legend-item not found. https://gsap.com
[2m14:58:55[22m [33m[1m[vite][22m[39m [33m[2m(client)[22m[39m [2m[console.warn] [22mGSAP target  not found. https://gsap.com
[2m14:58:55[22m [33m[1m[vite][22m[39m [33m[2m(client)[22m[39m [2m[console.warn] [22mGSAP target .severity-meter-fill not found. https://gsap.com
[2m14:58:55[22m [33m[1m[vite][22m[39m [33m[2m(client)[22m[39m [2m[console.warn] [22mGSAP target  not found. https://gsap.com
[2m14:58:55[22m [33m[1m[vite][22m[39m [33m[2m(client)[22m[39m [2m[console.warn] [22mGSAP target  not found. https://gsap.com
[2m14:58:55[22m [33m[1m[vite][22m[39m [33m[2m(client)[22m[39m [2m[console.warn] [22mGSAP target  not found. https://gsap.com
[2m14:58:55[22m [33m[1m[vite][22m[39m [33m[2m(client)[22m[39m [2m[console.warn] [22mGSAP target  not found. https://gsap.com
[2m14:58:55[22m [33m[1m[vite][22m[39m [33m[2m(client)[22m[39m [2m[console.warn] [22mGSAP target  not found. https://gsap.com
[2m14:59:04[22m [33m[1m[vite][22m[39m [33m[2m(client)[22m[39m [2m[console.warn] [22mGSAP target .timeline-item, .operation-row, .severity-card, .severity-legend-item not found. https://gsap.com
[2m14:59:04[22m [33m[1m[vite][22m[39m [33m[2m(client)[22m[39m [2m[console.warn] [22mGSAP target  not found. https://gsap.com
[2m14:59:04[22m [33m[1m[vite][22m[39m [33m[2m(client)[22m[39m [2m[console.warn] [22mGSAP target .severity-meter-fill not found. https://gsap.com
[2m14:59:04[22m [33m[1m[vite][22m[39m [33m[2m(client)[22m[39m [2m[console.warn] [22mGSAP target  not found. https://gsap.com
[2m14:59:04[22m [33m[1m[vite][22m[39m [33m[2m(client)[22m[39m [2m[console.warn] [22mGSAP target  not found. https://gsap.com
[2m14:59:04[22m [33m[1m[vite][22m[39m [33m[2m(client)[22m[39m [2m[console.warn] [22mGSAP target  not found. https://gsap.com
[2m14:59:04[22m [33m[1m[vite][22m[39m [33m[2m(client)[22m[39m [2m[console.warn] [22mGSAP target .timeline-item, .operation-row, .severity-card, .severity-legend-item not found. https://gsap.com
[2m14:59:04[22m [33m[1m[vite][22m[39m [33m[2m(client)[22m[39m [2m[console.warn] [22mGSAP target  not found. https://gsap.com
[2m14:59:04[22m [33m[1m[vite][22m[39m [33m[2m(client)[22m[39m [2m[console.warn] [22mGSAP target .severity-meter-fill not found. https://gsap.com
[2m14:59:04[22m [33m[1m[vite][22m[39m [33m[2m(client)[22m[39m [2m[console.warn] [22mGSAP target  not found. https://gsap.com
[2m14:59:04[22m [33m[1m[vite][22m[39m [33m[2m(client)[22m[39m [2m[console.warn] [22mGSAP target  not found. https://gsap.com
[2m14:59:04[22m [33m[1m[vite][22m[39m [33m[2m(client)[22m[39m [2m[console.warn] [22mGSAP target  not found. https://gsap.com
[2m14:59:05[22m [33m[1m[vite][22m[39m [33m[2m(client)[22m[39m [2m[console.warn] [22mGSAP target .timeline-item, .operation-row, .severity-card, .severity-legend-item not found. https://gsap.com
[2m14:59:05[22m [33m[1m[vite][22m[39m [33m[2m(client)[22m[39m [2m[console.warn] [22mGSAP target  not found. https://gsap.com
[2m14:59:05[22m [33m[1m[vite][22m[39m [33m[2m(client)[22m[39m [2m[console.warn] [22mGSAP target .severity-meter-fill not found. https://gsap.com
[2m14:59:05[22m [33m[1m[vite][22m[39m [33m[2m(client)[22m[39m [2m[console.warn] [22mGSAP target  not found. https://gsap.com
[2m14:59:05[22m [33m[1m[vite][22m[39m [33m[2m(client)[22m[39m [2m[console.warn] [22mGSAP target  not found. https://gsap.com
[2m14:59:05[22m [33m[1m[vite][22m[39m [33m[2m(client)[22m[39m [2m[console.warn] [22mGSAP target  not found. https://gsap.com
[2m14:59:05[22m [33m[1m[vite][22m[39m [33m[2m(client)[22m[39m [2m[console.warn] [22mGSAP target .timeline-item, .operation-row, .severity-card, .severity-legend-item not found. https://gsap.com
[2m14:59:05[22m [33m[1m[vite][22m[39m [33m[2m(client)[22m[39m [2m[console.warn] [22mGSAP target  not found. https://gsap.com
[2m14:59:05[22m [33m[1m[vite][22m[39m [33m[2m(client)[22m[39m [2m[console.warn] [22mGSAP target .severity-meter-fill not found. https://gsap.com
[2m14:59:05[22m [33m[1m[vite][22m[39m [33m[2m(client)[22m[39m [2m[console.warn] [22mGSAP target  not found. https://gsap.com
[2m14:59:05[22m [33m[1m[vite][22m[39m [33m[2m(client)[22m[39m [2m[console.warn] [22mGSAP target  not found. https://gsap.com
[2m14:59:06[22m [33m[1m[vite][22m[39m [33m[2m(client)[22m[39m [2m[console.warn] [22mGSAP target  not found. https://gsap.com
[2m14:59:06[22m [33m[1m[vite][22m[39m [33m[2m(client)[22m[39m [2m[console.warn] [22mGSAP target .timeline-item, .operation-row, .severity-card, .severity-legend-item not found. https://gsap.com
[2m14:59:06[22m [33m[1m[vite][22m[39m [33m[2m(client)[22m[39m [2m[console.warn] [22mGSAP target  not found. https://gsap.com
[2m14:59:06[22m [33m[1m[vite][22m[39m [33m[2m(client)[22m[39m [2m[console.warn] [22mGSAP target .severity-meter-fill not found. https://gsap.com
[2m14:59:06[22m [33m[1m[vite][22m[39m [33m[2m(client)[22m[39m [2m[console.warn] [22mGSAP target  not found. https://gsap.com
[2m14:59:06[22m [33m[1m[vite][22m[39m [33m[2m(client)[22m[39m [2m[console.warn] [22mGSAP target  not found. https://gsap.com
[2m14:59:06[22m [33m[1m[vite][22m[39m [33m[2m(client)[22m[39m [2m[console.warn] [22mGSAP target  not found. https://gsap.com
[2m14:59:06[22m [33m[1m[vite][22m[39m [33m[2m(client)[22m[39m [2m[console.warn] [22mGSAP target .timeline-item, .operation-row, .severity-card, .severity-legend-item not found. https://gsap.com
[2m14:59:06[22m [33m[1m[vite][22m[39m [33m[2m(client)[22m[39m [2m[console.warn] [22mGSAP target  not found. https://gsap.com
[2m14:59:06[22m [33m[1m[vite][22m[39m [33m[2m(client)[22m[39m [2m[console.warn] [22mGSAP target .severity-meter-fill not found. https://gsap.com
[2m14:59:06[22m [33m[1m[vite][22m[39m [33m[2m(client)[22m[39m [2m[console.warn] [22mGSAP target  not found. https://gsap.com
[2m14:59:06[22m [33m[1m[vite][22m[39m [33m[2m(client)[22m[39m [2m[console.warn] [22mGSAP target  not found. https://gsap.com
[2m14:59:06[22m [33m[1m[vite][22m[39m [33m[2m(client)[22m[39m [2m[console.warn] [22mGSAP target  not found. https://gsap.com
[2m14:59:08[22m [33m[1m[vite][22m[39m [33m[2m(client)[22m[39m [2m[console.warn] [22mGSAP target .timeline-item, .operation-row, .severity-card, .severity-legend-item not found. https://gsap.com
[2m14:59:08[22m [33m[1m[vite][22m[39m [33m[2m(client)[22m[39m [2m[console.warn] [22mGSAP target  not found. https://gsap.com
[2m14:59:08[22m [33m[1m[vite][22m[39m [33m[2m(client)[22m[39m [2m[console.warn] [22mGSAP target .severity-meter-fill not found. https://gsap.com
[2m14:59:08[22m [33m[1m[vite][22m[39m [33m[2m(client)[22m[39m [2m[console.warn] [22mGSAP target  not found. https://gsap.com
[2m14:59:08[22m [33m[1m[vite][22m[39m [33m[2m(client)[22m[39m [2m[console.warn] [22mGSAP target  not found. https://gsap.com
[2m14:59:08[22m [33m[1m[vite][22m[39m [33m[2m(client)[22m[39m [2m[console.warn] [22mGSAP target  not found. https://gsap.com
[2m14:59:08[22m [33m[1m[vite][22m[39m [33m[2m(client)[22m[39m [2m[console.warn] [22mGSAP target .timeline-item, .operation-row, .severity-card, .severity-legend-item not found. https://gsap.com
[2m14:59:08[22m [33m[1m[vite][22m[39m [33m[2m(client)[22m[39m [2m[console.warn] [22mGSAP target  not found. https://gsap.com
[2m14:59:08[22m [33m[1m[vite][22m[39m [33m[2m(client)[22m[39m [2m[console.warn] [22mGSAP target .severity-meter-fill not found. https://gsap.com
[2m14:59:08[22m [33m[1m[vite][22m[39m [33m[2m(client)[22m[39m [2m[console.warn] [22mGSAP target  not found. https://gsap.com
[2m14:59:08[22m [33m[1m[vite][22m[39m [33m[2m(client)[22m[39m [2m[console.warn] [22mGSAP target  not found. https://gsap.com
[2m14:59:08[22m [33m[1m[vite][22m[39m [33m[2m(client)[22m[39m [2m[console.warn] [22mGSAP target  not found. https://gsap.com
[2m14:59:09[22m [33m[1m[vite][22m[39m [33m[2m(client)[22m[39m [2m[console.warn] [22mGSAP target .timeline-item, .operation-row, .severity-card, .severity-legend-item not found. https://gsap.com
[2m14:59:09[22m [33m[1m[vite][22m[39m [33m[2m(client)[22m[39m [2m[console.warn] [22mGSAP target  not found. https://gsap.com
[2m14:59:09[22m [33m[1m[vite][22m[39m [33m[2m(client)[22m[39m [2m[console.warn] [22mGSAP target .severity-meter-fill not found. https://gsap.com
[2m14:59:09[22m [33m[1m[vite][22m[39m [33m[2m(client)[22m[39m [2m[console.warn] [22mGSAP target  not found. https://gsap.com
[2m14:59:09[22m [33m[1m[vite][22m[39m [33m[2m(client)[22m[39m [2m[console.warn] [22mGSAP target  not found. https://gsap.com
[2m14:59:09[22m [33m[1m[vite][22m[39m [33m[2m(client)[22m[39m [2m[console.warn] [22mGSAP target  not found. https://gsap.com
[2m14:59:09[22m [33m[1m[vite][22m[39m [33m[2m(client)[22m[39m [2m[console.warn] [22mGSAP target .timeline-item, .operation-row, .severity-card, .severity-legend-item not found. https://gsap.com
[2m14:59:09[22m [33m[1m[vite][22m[39m [33m[2m(client)[22m[39m [2m[console.warn] [22mGSAP target  not found. https://gsap.com
[2m14:59:09[22m [33m[1m[vite][22m[39m [33m[2m(client)[22m[39m [2m[console.warn] [22mGSAP target .severity-meter-fill not found. https://gsap.com
[2m14:59:09[22m [33m[1m[vite][22m[39m [33m[2m(client)[22m[39m [2m[console.warn] [22mGSAP target  not found. https://gsap.com
[2m14:59:09[22m [33m[1m[vite][22m[39m [33m[2m(client)[22m[39m [2m[console.warn] [22mGSAP target  not found. https://gsap.com
[2m14:59:09[22m [33m[1m[vite][22m[39m [33m[2m(client)[22m[39m [2m[console.warn] [22mGSAP target  not found. https://gsap.com
[2m14:59:12[22m [33m[1m[vite][22m[39m [33m[2m(client)[22m[39m [2m[console.warn] [22mThe width(-1) and height(-1) of chart should be greater than 0,
       please check the style of container, or the props width(100%) and height(100%),
       or add a minWidth(0) or minHeight(undefined) or use aspect(undefined) to control the
       height and width.
[2m14:59:12[22m [33m[1m[vite][22m[39m [33m[2m(client)[22m[39m [2m[console.warn] [22mThe width(-1) and height(-1) of chart should be greater than 0,
       please check the style of container, or the props width(100%) and height(100%),
       or add a minWidth(0) or minHeight(undefined) or use aspect(undefined) to control the
       height and width.
[2m14:59:12[22m [33m[1m[vite][22m[39m [33m[2m(client)[22m[39m [2m[console.warn] [22mThe width(-1) and height(-1) of chart should be greater than 0,
       please check the style of container, or the props width(100%) and height(100%),
       or add a minWidth(0) or minHeight(undefined) or use aspect(undefined) to control the
       height and width.
[2m14:59:12[22m [33m[1m[vite][22m[39m [33m[2m(client)[22m[39m [2m[console.warn] [22mThe width(-1) and height(-1) of chart should be greater than 0,
       please check the style of container, or the props width(100%) and height(100%),
       or add a minWidth(0) or minHeight(undefined) or use aspect(undefined) to control the
       height and width.
[2m14:59:12[22m [33m[1m[vite][22m[39m [33m[2m(client)[22m[39m [2m[console.warn] [22mGSAP target .severity-meter-fill not found. https://gsap.com
[2m14:59:12[22m [33m[1m[vite][22m[39m [33m[2m(client)[22m[39m [2m[console.warn] [22mGSAP target  not found. https://gsap.com
[2m14:59:12[22m [33m[1m[vite][22m[39m [33m[2m(client)[22m[39m [2m[console.warn] [22mGSAP target  not found. https://gsap.com
[2m14:59:12[22m [33m[1m[vite][22m[39m [33m[2m(client)[22m[39m [2m[console.warn] [22mGSAP target .severity-meter-fill not found. https://gsap.com
[2m14:59:12[22m [33m[1m[vite][22m[39m [33m[2m(client)[22m[39m [2m[console.warn] [22mGSAP target  not found. https://gsap.com
[2m14:59:12[22m [33m[1m[vite][22m[39m [33m[2m(client)[22m[39m [2m[console.warn] [22mGSAP target  not found. https://gsap.com
[2m14:59:12[22m [33m[1m[vite][22m[39m [33m[2m(client)[22m[39m [2m[console.warn] [22mGSAP target .timeline-item, .operation-row, .severity-card, .severity-legend-item not found. https://gsap.com
[2m14:59:12[22m [33m[1m[vite][22m[39m [33m[2m(client)[22m[39m [2m[console.warn] [22mGSAP target  not found. https://gsap.com
[2m14:59:12[22m [33m[1m[vite][22m[39m [33m[2m(client)[22m[39m [2m[console.warn] [22mGSAP target .severity-meter-fill not found. https://gsap.com
[2m14:59:12[22m [33m[1m[vite][22m[39m [33m[2m(client)[22m[39m [2m[console.warn] [22mGSAP target  not found. https://gsap.com
[2m14:59:12[22m [33m[1m[vite][22m[39m [33m[2m(client)[22m[39m [2m[console.warn] [22mGSAP target  not found. https://gsap.com
[2m14:59:12[22m [33m[1m[vite][22m[39m [33m[2m(client)[22m[39m [2m[console.warn] [22mGSAP target  not found. https://gsap.com
[2m14:59:12[22m [33m[1m[vite][22m[39m [33m[2m(client)[22m[39m [2m[console.warn] [22mGSAP target .timeline-item, .operation-row, .severity-card, .severity-legend-item not found. https://gsap.com
[2m14:59:12[22m [33m[1m[vite][22m[39m [33m[2m(client)[22m[39m [2m[console.warn] [22mGSAP target  not found. https://gsap.com
[2m14:59:12[22m [33m[1m[vite][22m[39m [33m[2m(client)[22m[39m [2m[console.warn] [22mGSAP target .severity-meter-fill not found. https://gsap.com
[2m14:59:12[22m [33m[1m[vite][22m[39m [33m[2m(client)[22m[39m [2m[console.warn] [22mGSAP target  not found. https://gsap.com
[2m14:59:13[22m [33m[1m[vite][22m[39m [33m[2m(client)[22m[39m [2m[console.warn] [22mGSAP target  not found. https://gsap.com
[2m14:59:13[22m [33m[1m[vite][22m[39m [33m[2m(client)[22m[39m [2m[console.warn] [22mGSAP target  not found. https://gsap.com
[2m14:59:16[22m [33m[1m[vite][22m[39m [33m[2m(client)[22m[39m [2m[console.warn] [22mThe width(-1) and height(-1) of chart should be greater than 0,
       please check the style of container, or the props width(100%) and height(100%),
       or add a minWidth(0) or minHeight(undefined) or use aspect(undefined) to control the
       height and width.
[2m14:59:16[22m [33m[1m[vite][22m[39m [33m[2m(client)[22m[39m [2m[console.warn] [22mThe width(-1) and height(-1) of chart should be greater than 0,
       please check the style of container, or the props width(100%) and height(100%),
       or add a minWidth(0) or minHeight(undefined) or use aspect(undefined) to control the
       height and width.
[2m14:59:16[22m [33m[1m[vite][22m[39m [33m[2m(client)[22m[39m [2m[console.warn] [22mThe width(-1) and height(-1) of chart should be greater than 0,
       please check the style of container, or the props width(100%) and height(100%),
       or add a minWidth(0) or minHeight(undefined) or use aspect(undefined) to control the
       height and width.
[2m14:59:16[22m [33m[1m[vite][22m[39m [33m[2m(client)[22m[39m [2m[console.warn] [22mThe width(-1) and height(-1) of chart should be greater than 0,
       please check the style of container, or the props width(100%) and height(100%),
       or add a minWidth(0) or minHeight(undefined) or use aspect(undefined) to control the
       height and width.
[2m14:59:16[22m [33m[1m[vite][22m[39m [33m[2m(client)[22m[39m [2m[console.warn] [22mGSAP target .severity-meter-fill not found. https://gsap.com
[2m14:59:16[22m [33m[1m[vite][22m[39m [33m[2m(client)[22m[39m [2m[console.warn] [22mGSAP target  not found. https://gsap.com
[2m14:59:16[22m [33m[1m[vite][22m[39m [33m[2m(client)[22m[39m [2m[console.warn] [22mGSAP target  not found. https://gsap.com
[2m14:59:16[22m [33m[1m[vite][22m[39m [33m[2m(client)[22m[39m [2m[console.warn] [22mGSAP target .severity-meter-fill not found. https://gsap.com
[2m14:59:16[22m [33m[1m[vite][22m[39m [33m[2m(client)[22m[39m [2m[console.warn] [22mGSAP target  not found. https://gsap.com
[2m14:59:16[22m [33m[1m[vite][22m[39m [33m[2m(client)[22m[39m [2m[console.warn] [22mGSAP target  not found. https://gsap.com
[2m15:01:26[22m [31m[1m[vite][22m[39m [31m[2m(client)[22m[39m [31m[Unhandled error] [1mReferenceError[22m: ResponsiveContainer is not defined
[39m > DashboardPage src/app/AppShell.tsx:1331:13
    1329 |            </div>
    1330 |            <div className="mt-4 h-64 overflow-hidden rounded-md">
    1331 |              <ResponsiveContainer height="100%" minWidth={0} width="100%">
         |               ^
    1332 |                <BarChart data={severityData} margin={{ left: -12, right: 14, top: 24, bottom: 4 }}>
    1333 |                  <CartesianGrid stroke="rgba(216,194,163,0.12)" strokeDasharray="4 8" vertical={false} />
 > Object.react_stack_bottom_frame node_modules/react-dom/cjs/react-dom-client.development.js:25904:19
 > renderWithHooks node_modules/react-dom/cjs/react-dom-client.development.js:7662:21
 > updateFunctionComponent node_modules/react-dom/cjs/react-dom-client.development.js:10166:18
 > beginWork node_modules/react-dom/cjs/react-dom-client.development.js:11778:17
 > runWithFiberInDEV node_modules/react-dom/cjs/react-dom-client.development.js:871:29
 > performUnitOfWork node_modules/react-dom/cjs/react-dom-client.development.js:17641:21
 > workLoopSync node_modules/react-dom/cjs/react-dom-client.development.js:17469:40
 > renderRootSync node_modules/react-dom/cjs/react-dom-client.development.js:17450:10
 > performWorkOnRoot node_modules/react-dom/cjs/react-dom-client.development.js:16583:34

[2m15:01:26[22m [33m[1m[vite][22m[39m [33m[2m(client)[22m[39m [2m[console.warn] [22mAn error occurred in the <DashboardPage> component.

Consider adding an error boundary to your tree to customize error handling behavior.
Visit https://react.dev/link/error-boundaries to learn more about error boundaries.

[2m15:01:26[22m [31m[1m[vite][22m[39m [31m[2m(client)[22m[39m [31m[Unhandled error] [1mReferenceError[22m: ResponsiveContainer is not defined
[39m > DashboardPage src/app/AppShell.tsx:1331:13
    1329 |            </div>
    1330 |            <div className="mt-4 h-64 overflow-hidden rounded-md">
    1331 |              <ResponsiveContainer height="100%" minWidth={0} width="100%">
         |               ^
    1332 |                <BarChart data={severityData} margin={{ left: -12, right: 14, top: 24, bottom: 4 }}>
    1333 |                  <CartesianGrid stroke="rgba(216,194,163,0.12)" strokeDasharray="4 8" vertical={false} />
 > Object.react_stack_bottom_frame node_modules/react-dom/cjs/react-dom-client.development.js:25904:19
 > renderWithHooks node_modules/react-dom/cjs/react-dom-client.development.js:7662:21
 > updateFunctionComponent node_modules/react-dom/cjs/react-dom-client.development.js:10166:18
 > beginWork node_modules/react-dom/cjs/react-dom-client.development.js:11778:17
 > runWithFiberInDEV node_modules/react-dom/cjs/react-dom-client.development.js:871:29
 > performUnitOfWork node_modules/react-dom/cjs/react-dom-client.development.js:17641:21
 > workLoopSync node_modules/react-dom/cjs/react-dom-client.development.js:17469:40
 > renderRootSync node_modules/react-dom/cjs/react-dom-client.development.js:17450:10
 > performWorkOnRoot node_modules/react-dom/cjs/react-dom-client.development.js:16583:34

[2m15:01:26[22m [33m[1m[vite][22m[39m [33m[2m(client)[22m[39m [2m[console.warn] [22mAn error occurred in the <DashboardPage> component.

Consider adding an error boundary to your tree to customize error handling behavior.
Visit https://react.dev/link/error-boundaries to learn more about error boundaries.

[2m15:01:35[22m [31m[1m[vite][22m[39m [31m[2m(client)[22m[39m [31m[Unhandled error] [1mReferenceError[22m: ResponsiveContainer is not defined
[39m > DashboardPage src/app/AppShell.tsx:1331:13
    1329 |            </div>
    1330 |            <div className="mt-4 h-64 overflow-hidden rounded-md">
    1331 |              <ResponsiveContainer height="100%" minWidth={0} width="100%">
         |               ^
    1332 |                <BarChart data={severityData} margin={{ left: -12, right: 14, top: 24, bottom: 4 }}>
    1333 |                  <CartesianGrid stroke="rgba(216,194,163,0.12)" strokeDasharray="4 8" vertical={false} />
 > Object.react_stack_bottom_frame node_modules/react-dom/cjs/react-dom-client.development.js:25904:19
 > renderWithHooks node_modules/react-dom/cjs/react-dom-client.development.js:7662:21
 > updateFunctionComponent node_modules/react-dom/cjs/react-dom-client.development.js:10166:18
 > beginWork node_modules/react-dom/cjs/react-dom-client.development.js:11778:17
 > runWithFiberInDEV node_modules/react-dom/cjs/react-dom-client.development.js:871:29
 > performUnitOfWork node_modules/react-dom/cjs/react-dom-client.development.js:17641:21
 > workLoopSync node_modules/react-dom/cjs/react-dom-client.development.js:17469:40
 > renderRootSync node_modules/react-dom/cjs/react-dom-client.development.js:17450:10
 > performWorkOnRoot node_modules/react-dom/cjs/react-dom-client.development.js:16583:34

[2m15:01:35[22m [33m[1m[vite][22m[39m [33m[2m(client)[22m[39m [2m[console.warn] [22mAn error occurred in the <DashboardPage> component.

Consider adding an error boundary to your tree to customize error handling behavior.
Visit https://react.dev/link/error-boundaries to learn more about error boundaries.

[2m15:01:35[22m [31m[1m[vite][22m[39m [31m[2m(client)[22m[39m [31m[Unhandled error] [1mReferenceError[22m: ResponsiveContainer is not defined
[39m > DashboardPage src/app/AppShell.tsx:1331:13
    1329 |            </div>
    1330 |            <div className="mt-4 h-64 overflow-hidden rounded-md">
    1331 |              <ResponsiveContainer height="100%" minWidth={0} width="100%">
         |               ^
    1332 |                <BarChart data={severityData} margin={{ left: -12, right: 14, top: 24, bottom: 4 }}>
    1333 |                  <CartesianGrid stroke="rgba(216,194,163,0.12)" strokeDasharray="4 8" vertical={false} />
 > Object.react_stack_bottom_frame node_modules/react-dom/cjs/react-dom-client.development.js:25904:19
 > renderWithHooks node_modules/react-dom/cjs/react-dom-client.development.js:7662:21
 > updateFunctionComponent node_modules/react-dom/cjs/react-dom-client.development.js:10166:18
 > beginWork node_modules/react-dom/cjs/react-dom-client.development.js:11778:17
 > runWithFiberInDEV node_modules/react-dom/cjs/react-dom-client.development.js:871:29
 > performUnitOfWork node_modules/react-dom/cjs/react-dom-client.development.js:17641:21
 > workLoopSync node_modules/react-dom/cjs/react-dom-client.development.js:17469:40
 > renderRootSync node_modules/react-dom/cjs/react-dom-client.development.js:17450:10
 > performWorkOnRoot node_modules/react-dom/cjs/react-dom-client.development.js:16583:34

[2m15:01:35[22m [33m[1m[vite][22m[39m [33m[2m(client)[22m[39m [2m[console.warn] [22mAn error occurred in the <DashboardPage> component.

Consider adding an error boundary to your tree to customize error handling behavior.
Visit https://react.dev/link/error-boundaries to learn more about error boundaries.

