2026-06-03 02:22:24.249: [INFO] VisibilityChanged: 0
2026-06-03 02:22:24.267: [INFO] RecordSyncInitDuration has_sync_been_enabled: 0 state: 0
2026-06-03 02:22:24.268: [INFO] RecordSyncInitDuration has_sync_been_enabled: 0 state: 0
2026-06-03 02:22:24.269: [INFO] RecordSyncInitDuration has_sync_been_enabled: 0 state: 0
2026-06-03 02:22:24.271: [INFO] RecordSyncInitDuration has_sync_been_enabled: 0 state: 0
2026-06-03 02:22:24.272: [INFO] RecordSyncInitDuration has_sync_been_enabled: 0 state: 0
2026-06-03 02:22:24.273: [INFO] RecordSyncInitDuration has_sync_been_enabled: 0 state: 0
2026-06-03 02:22:24.274: [INFO] RecordSyncInitDuration has_sync_been_enabled: 0 state: 0
2026-06-03 02:22:24.275: [INFO] RecordSyncInitDuration has_sync_been_enabled: 0 state: 0
2026-06-03 02:22:24.277: [INFO] RecordSyncInitDuration has_sync_been_enabled: 0 state: 0
2026-06-03 02:22:24.279: [INFO] RecordSyncInitDuration has_sync_been_enabled: 0 state: 0
2026-06-03 02:22:24.281: [INFO] RecordSyncInitDuration has_sync_been_enabled: 0 state: 0
2026-06-03 02:22:24.283: [INFO] RecordSyncInitDuration has_sync_been_enabled: 0 state: 0
2026-06-03 02:22:24.297: [INFO] BookmarkModelLoaded, ids_reassigned: 0
2026-06-03 02:22:24.297: [INFO] OnDoneLoading sync enabled: 0
2026-06-03 02:22:24.304: [INFO] RecordSyncInitDuration has_sync_been_enabled: 0 state: 0
2026-06-03 02:22:24.490: [INFO] RecordSyncInitDuration has_sync_been_enabled: 0 state: 0
2026-06-03 02:22:24.494: [INFO] RecordSyncInitDuration has_sync_been_enabled: 0 state: 3
2026-06-03 02:22:24.497: [INFO] Primary account changed.
2026-06-03 02:22:24.497: [INFO] OnPrimaryAccountChanged PrimaryAccountChangeEvent::Type::kSet
2026-06-03 02:22:24.502: [INFO] RecordSyncInitDuration has_sync_been_enabled: 0 state: 3
2026-06-03 02:22:24.524: [INFO] RecordSyncInitDuration has_sync_been_enabled: 0 state: 3
2026-06-03 02:22:37.466: [INFO] VisibilityChanged: 1
2026-06-03 02:22:37.917: [INFO] BookmarkNodeAdded, ABU: 0
2026-06-03 02:22:37.917: [INFO] BookmarkNodeAdded, ABU: 0
2026-06-03 02:22:37.917: [INFO] BookmarkNodeAdded, ABU: 0
2026-06-03 02:22:37.918: [INFO] BookmarkNodeAdded, ABU: 0
2026-06-03 02:22:37.918: [INFO] BookmarkNodeAdded, ABU: 0
2026-06-03 02:22:37.919: [INFO] BookmarkNodeAdded, ABU: 0
2026-06-03 02:22:37.920: [INFO] BookmarkNodeAdded, ABU: 0
2026-06-03 02:22:37.921: [INFO] BookmarkNodeAdded, ABU: 0
