{"logTime": "0603/022018", "correlationVector":"if2kCwJwxUsXc6pCyfe3I3.1","action":"SyncServerConnectionManagerRequest", "result":"SYNC_SERVER_OK", "context":{"environment":"Prod_southeastasia_prod-s01-064-apac-southeastasia", "migrationStage":"NotStarted", "server":"akswtt00100001f"}}
{"logTime": "0603/022018", "correlationVector":"if2kCwJwxUsXc6pCyfe3I3.2","action":"ProcessGetUpdates", "result":"Done", "context":{"dataType":"Encryption Keys", "deleted":"0", "process_failed_to_decrypt":"0", "process_pending_decryption":"0", "process_success":"1", "total":"1"}}
{"logTime": "0603/022024", "correlationVector":"8FK71Buo+8bH+f9t7tHO6H","action":"SyncServerConnectionManagerRequest", "result":"SYNC_SERVER_OK", "context":{"environment":"", "migrationStage":"", "server":""}}
{"logTime": "0603/022024", "correlationVector":"8FK71Buo+8bH+f9t7tHO6H.0","action":"EncryptionKeysFetcher.DownloadKeys:", "result":"Success", "context":Key count: 10, Last key timestamp: 2026-05-28T22:28:05Z}
{"logTime": "0603/022024", "correlationVector":"8FK71Buo+8bH+f9t7tHO6H.1","action":"EncryptionKeysManager::SetEncryptionKeys:", "result":"Success", "context":Key names[10]:[divJvhVbAM3fi73/4L5+jLpDaQHyVFpz6OfrEAzvZNrvgS5sEztTp+Kc4wbT/aezmcWODGKtX1ieWVhkynsofA==][JVd1jbb+LRIe8uO1/NqPqauLPgnS4HOy6bQ9f1BiSHPFYe2dtlBJ7BiUMP4A/SbnSS9tCxZoTrW/XDOPtZ2oBw==][09A9wZUjrI+HIFjP0QT53Oia4Lc1WAk8R8O60V9N72Ia30cqTLGPbIfmFypstWVQDpVJ4J40E2NP/r7848ltow==][0mmfyB+8OS+7qwyfIwbVd5I/naFxf0RWTNrMyXhuypzqjph2LI5S4xaiGSESStSc1NFrmPdMm4+GI3AAy9m2WQ==][BiJKi6XDbWNEwMhVStxEcbzFeLgh/U/T87UvDYvyec8t9CZFXY9CzCxf4JgWr6OwfK0CcJf41Tq8IvVYTKUmcw==][VRuNAAmFMTzqrajzMIz222o8tb43by6+ocvgxUIZRgox90QHqsua0ktTPlSHAsfXs/+tp62w1UA/wQjahJbTqA==][MSxRXGI3zNc4kKzkuoQdFuYVAXNq3iNWeFbOUSLF7c6l0yntqAjpGa6hZkw7kkddG8MlUuxh1RgKC64Kcq02nA==][qFFSUqMlVHqjUclewlkuEpT99JDOVFSSQdhHxSO7/UBsUrz0hi5WzKc6c5KyOYgIxPncUoYRHKR0b30smba9LQ==][Z6fi1Qrhq0a/n3tisaCJRDArKKSSSVeeReVev5nsPvcNXevTYOcR50YOWouJ87ijw8SBxHOmlHAu9ek1TIZRaA==][Tn/QyZUs1ihsyercoAIm5zNHsvldx9tH5HX92XWkNGPwhwTyNH5c+YixOfvJZGgRR1NP0JCDxUWkQHw64cHxaA==]}
{"logTime": "0603/022024", "correlationVector":"8FK71Buo+8bH+f9t7tHO6H.2","action":"EncryptionKeysManager::SetEncryptionKeysWithTimestamps:", "result":"Success", "context":Key timestamps[10]:[2022-01-22T02:46:51Z][2022-07-30T01:02:00Z][2023-01-28T02:39:31Z][2023-07-27T05:30:51Z][2024-04-26T13:24:30Z][2025-01-15T09:21:46Z][2025-04-16T10:58:05Z][2025-07-20T11:29:22Z][2025-11-27T01:59:54Z][2026-05-28T22:28:05Z]}
{"logTime": "0603/022024", "correlationVector":"if2kCwJwxUsXc6pCyfe3I3","action":"Initial GetUpdates", "result":"", "context":Reason: NEW_CLIENT. cV=if2kCwJwxUsXc6pCyfe3I3}
{"logTime": "0603/022024", "correlationVector":"if2kCwJwxUsXc6pCyfe3I3.3","action":"GetUpdates Response", "result":"Success", "context":Received 1 update(s). cV=if2kCwJwxUsXc6pCyfe3I3.0;server=akswtt00100001f;cloudType=Consumer;environment=Prod_southeastasia_prod-s01-064-apac-southeastasia;migrationStage=NotStarted}
{"logTime": "0603/022024", "correlationVector":"xpI24cjGr41HCShLi+gzlg","action":"Initial GetUpdates", "result":"", "context":Reason: NEWLY_SUPPORTED_DATATYPE. cV=xpI24cjGr41HCShLi+gzlg}
{"logTime": "0603/022026", "correlationVector":"xpI24cjGr41HCShLi+gzlg.1","action":"SyncServerConnectionManagerRequest", "result":"SYNC_SERVER_OK", "context":{"environment":"Prod_southeastasia_prod-s01-064-apac-southeastasia", "migrationStage":"NotStarted", "server":"akswtt00100000m"}}
{"logTime": "0603/022026", "correlationVector":"xpI24cjGr41HCShLi+gzlg.2","action":"ProcessGetUpdates", "result":"Done", "context":{"dataType":"Preferences", "deleted":"0", "process_failed_to_decrypt":"0", "process_pending_decryption":"0", "process_success":"93", "total":"93"}}
{"logTime": "0603/022026", "correlationVector":"xpI24cjGr41HCShLi+gzlg.3","action":"ProcessGetUpdates", "result":"Done", "context":{"dataType":"Passwords", "deleted":"142", "process_failed_to_decrypt":"0", "process_pending_decryption":"0", "process_success":"142", "total":"142"}}
{"logTime": "0603/022026", "correlationVector":"xpI24cjGr41HCShLi+gzlg.4","action":"ProcessGetUpdates", "result":"Done", "context":{"dataType":"Device Info", "deleted":"0", "process_failed_to_decrypt":"0", "process_pending_decryption":"0", "process_success":"15", "total":"15"}}
{"logTime": "0603/022026", "correlationVector":"xpI24cjGr41HCShLi+gzlg.5","action":"GetUpdates Response", "result":"Success", "context":Received 250 update(s). cV=xpI24cjGr41HCShLi+gzlg.0;server=akswtt00100000m;cloudType=Consumer;environment=Prod_southeastasia_prod-s01-064-apac-southeastasia;migrationStage=NotStarted Some updates remain.}
{"logTime": "0603/022026", "correlationVector":"9jkHAg3MV9RqxXUQGXqEcQ","action":"Initial GetUpdates", "result":"", "context":Reason: NEWLY_SUPPORTED_DATATYPE. cV=9jkHAg3MV9RqxXUQGXqEcQ}
{"logTime": "0603/022028", "correlationVector":"9jkHAg3MV9RqxXUQGXqEcQ.1","action":"SyncServerConnectionManagerRequest", "result":"SYNC_SERVER_OK", "context":{"environment":"Prod_southeastasia_prod-s01-064-apac-southeastasia", "migrationStage":"NotStarted", "server":"akswtt001000007"}}
{"logTime": "0603/022028", "correlationVector":"9jkHAg3MV9RqxXUQGXqEcQ.2","action":"ProcessGetUpdates", "result":"Done", "context":{"dataType":"Preferences", "deleted":"0", "process_failed_to_decrypt":"0", "process_pending_decryption":"0", "process_success":"28", "total":"28"}}
{"logTime": "0603/022028", "correlationVector":"9jkHAg3MV9RqxXUQGXqEcQ.3","action":"ProcessGetUpdates", "result":"Done", "context":{"dataType":"Passwords", "deleted":"142", "process_failed_to_decrypt":"0", "process_pending_decryption":"0", "process_success":"208", "total":"208"}}
{"logTime": "0603/022028", "correlationVector":"9jkHAg3MV9RqxXUQGXqEcQ.4","action":"ProcessGetUpdates", "result":"Done", "context":{"dataType":"Device Info", "deleted":"0", "process_failed_to_decrypt":"0", "process_pending_decryption":"0", "process_success":"5", "total":"5"}}
{"logTime": "0603/022028", "correlationVector":"9jkHAg3MV9RqxXUQGXqEcQ.5","action":"GetUpdates Response", "result":"Success", "context":Received 241 update(s). cV=9jkHAg3MV9RqxXUQGXqEcQ.0;server=akswtt001000007;cloudType=Consumer;environment=Prod_southeastasia_prod-s01-064-apac-southeastasia;migrationStage=NotStarted}
{"logTime": "0603/022028", "correlationVector":"8PTbmN2dt20l5mJb4hA/hM","action":"Initial GetUpdates", "result":"", "context":Reason: NEWLY_SUPPORTED_DATATYPE. cV=8PTbmN2dt20l5mJb4hA/hM}
{"logTime": "0603/022029", "correlationVector":"8PTbmN2dt20l5mJb4hA/hM.1","action":"SyncServerConnectionManagerRequest", "result":"SYNC_SERVER_OK", "context":{"environment":"Prod_southeastasia_prod-s01-064-apac-southeastasia", "migrationStage":"NotStarted", "server":"akswtt00100000m"}}
{"logTime": "0603/022029", "correlationVector":"8PTbmN2dt20l5mJb4hA/hM.2","action":"ProcessGetUpdates", "result":"Done", "context":{"dataType":"Bookmarks", "deleted":"8", "process_failed_to_decrypt":"0", "process_pending_decryption":"0", "process_success":"22", "total":"22"}}
{"logTime": "0603/022029", "correlationVector":"8PTbmN2dt20l5mJb4hA/hM.3","action":"GetUpdates Response", "result":"Success", "context":Received 22 update(s). cV=8PTbmN2dt20l5mJb4hA/hM.0;server=akswtt00100000m;cloudType=Consumer;environment=Prod_southeastasia_prod-s01-064-apac-southeastasia;migrationStage=NotStarted}
{"logTime": "0603/022029", "correlationVector":"DLi11bP2VNgPhMAIq7FOY8","action":"Initial GetUpdates", "result":"", "context":Reason: NEWLY_SUPPORTED_DATATYPE. cV=DLi11bP2VNgPhMAIq7FOY8}
{"logTime": "0603/022031", "correlationVector":"DLi11bP2VNgPhMAIq7FOY8.1","action":"SyncServerConnectionManagerRequest", "result":"SYNC_SERVER_OK", "context":{"environment":"Prod_southeastasia_prod-s01-064-apac-southeastasia", "migrationStage":"NotStarted", "server":"akswtt00100001q"}}
{"logTime": "0603/022031", "correlationVector":"DLi11bP2VNgPhMAIq7FOY8.2","action":"ProcessGetUpdates", "result":"Done", "context":{"dataType":"Autofill", "deleted":"0", "process_failed_to_decrypt":"0", "process_pending_decryption":"0", "process_success":"128", "total":"128"}}
{"logTime": "0603/022031", "correlationVector":"DLi11bP2VNgPhMAIq7FOY8.3","action":"ProcessGetUpdates", "result":"Done", "context":{"dataType":"Extensions", "deleted":"0", "process_failed_to_decrypt":"0", "process_pending_decryption":"0", "process_success":"4", "total":"4"}}
{"logTime": "0603/022031", "correlationVector":"DLi11bP2VNgPhMAIq7FOY8.4","action":"ProcessGetUpdates", "result":"Done", "context":{"dataType":"Sessions", "deleted":"61", "process_failed_to_decrypt":"0", "process_pending_decryption":"0", "process_success":"61", "total":"61"}}
{"logTime": "0603/022031", "correlationVector":"DLi11bP2VNgPhMAIq7FOY8.5","action":"ProcessGetUpdates", "result":"Done", "context":{"dataType":"Web Apps", "deleted":"0", "process_failed_to_decrypt":"0", "process_pending_decryption":"0", "process_success":"1", "total":"1"}}
{"logTime": "0603/022031", "correlationVector":"DLi11bP2VNgPhMAIq7FOY8.6","action":"ProcessGetUpdates", "result":"Done", "context":{"dataType":"Saved Tab Group", "deleted":"54", "process_failed_to_decrypt":"0", "process_pending_decryption":"0", "process_success":"54", "total":"54"}}
{"logTime": "0603/022031", "correlationVector":"DLi11bP2VNgPhMAIq7FOY8.7","action":"ProcessGetUpdates", "result":"Done", "context":{"dataType":"Collection", "deleted":"0", "process_failed_to_decrypt":"0", "process_pending_decryption":"0", "process_success":"2", "total":"2"}}
{"logTime": "0603/022031", "correlationVector":"DLi11bP2VNgPhMAIq7FOY8.8","action":"GetUpdates Response", "result":"Success", "context":Received 250 update(s). cV=DLi11bP2VNgPhMAIq7FOY8.0;server=akswtt00100001q;cloudType=Consumer;environment=Prod_southeastasia_prod-s01-064-apac-southeastasia;migrationStage=NotStarted Some updates remain.}
{"logTime": "0603/022031", "correlationVector":"xtGom+AFbh0fQjQwNfEDLk","action":"Initial GetUpdates", "result":"", "context":Reason: NEWLY_SUPPORTED_DATATYPE. cV=xtGom+AFbh0fQjQwNfEDLk}
