2026-06-03 02:21:30.708: [INFO] VisibilityChanged: 0
2026-06-03 02:21:30.726: [INFO] RecordSyncInitDuration has_sync_been_enabled: 0 state: 0
2026-06-03 02:21:30.728: [INFO] RecordSyncInitDuration has_sync_been_enabled: 0 state: 0
2026-06-03 02:21:30.730: [INFO] RecordSyncInitDuration has_sync_been_enabled: 0 state: 0
2026-06-03 02:21:30.732: [INFO] RecordSyncInitDuration has_sync_been_enabled: 0 state: 0
2026-06-03 02:21:30.734: [INFO] RecordSyncInitDuration has_sync_been_enabled: 0 state: 0
2026-06-03 02:21:30.736: [INFO] RecordSyncInitDuration has_sync_been_enabled: 0 state: 0
2026-06-03 02:21:30.737: [INFO] RecordSyncInitDuration has_sync_been_enabled: 0 state: 0
2026-06-03 02:21:30.739: [INFO] RecordSyncInitDuration has_sync_been_enabled: 0 state: 0
2026-06-03 02:21:30.740: [INFO] RecordSyncInitDuration has_sync_been_enabled: 0 state: 0
2026-06-03 02:21:30.742: [INFO] RecordSyncInitDuration has_sync_been_enabled: 0 state: 0
2026-06-03 02:21:30.744: [INFO] RecordSyncInitDuration has_sync_been_enabled: 0 state: 0
2026-06-03 02:21:30.745: [INFO] RecordSyncInitDuration has_sync_been_enabled: 0 state: 0
2026-06-03 02:21:30.763: [INFO] BookmarkModelLoaded, ids_reassigned: 0
2026-06-03 02:21:30.763: [INFO] OnDoneLoading sync enabled: 0
2026-06-03 02:21:30.980: [INFO] RecordSyncInitDuration has_sync_been_enabled: 0 state: 0
2026-06-03 02:21:31.038: [INFO] RecordSyncInitDuration has_sync_been_enabled: 0 state: 0
2026-06-03 02:21:31.041: [INFO] RecordSyncInitDuration has_sync_been_enabled: 0 state: 3
2026-06-03 02:21:31.043: [INFO] Primary account changed.
2026-06-03 02:21:31.043: [INFO] OnPrimaryAccountChanged PrimaryAccountChangeEvent::Type::kSet
2026-06-03 02:21:31.050: [INFO] RecordSyncInitDuration has_sync_been_enabled: 0 state: 3
2026-06-03 02:21:31.069: [INFO] RecordSyncInitDuration has_sync_been_enabled: 0 state: 3
2026-06-03 02:21:43.810: [INFO] VisibilityChanged: 1
2026-06-03 02:21:44.462: [INFO] BookmarkNodeAdded, ABU: 0
2026-06-03 02:21:44.462: [INFO] BookmarkNodeAdded, ABU: 0
2026-06-03 02:21:44.462: [INFO] BookmarkNodeAdded, ABU: 0
2026-06-03 02:21:44.462: [INFO] BookmarkNodeAdded, ABU: 0
2026-06-03 02:21:44.463: [INFO] BookmarkNodeAdded, ABU: 0
2026-06-03 02:21:44.464: [INFO] BookmarkNodeAdded, ABU: 0
2026-06-03 02:21:44.465: [INFO] BookmarkNodeAdded, ABU: 0
2026-06-03 02:21:44.466: [INFO] BookmarkNodeAdded, ABU: 0
